1	/Artificial_Intelligence/Agents/
2	/Artificial_Intelligence/Data_Mining/
3	/Artificial_Intelligence/Expert_Systems/
4	/Artificial_Intelligence/Games_and_Search/
5	/Artificial_Intelligence/Knowledge_Representation/
6	/Artificial_Intelligence/Machine_Learning/Case-Based/
7	/Artificial_Intelligence/Machine_Learning/Genetic_Algorithms/
8	/Artificial_Intelligence/Machine_Learning/Neural_Networks/
9	/Artificial_Intelligence/Machine_Learning/Probabilistic_Methods/
10	/Artificial_Intelligence/Machine_Learning/Reinforcement_Learning/
11	/Artificial_Intelligence/Machine_Learning/Rule_Learning/
12	/Artificial_Intelligence/Machine_Learning/Theory/
13	/Artificial_Intelligence/NLP/
14	/Artificial_Intelligence/Planning/
15	/Artificial_Intelligence/Robotics/
16	/Artificial_Intelligence/Speech/
17	/Artificial_Intelligence/Theorem_Proving/
18	/Artificial_Intelligence/Vision_and_Pattern_Recognition/
19	/Data_Structures__Algorithms_and_Theory/Computational_Complexity/
20	/Data_Structures__Algorithms_and_Theory/Computational_Geometry/
21	/Data_Structures__Algorithms_and_Theory/Formal_Languages/
22	/Data_Structures__Algorithms_and_Theory/Hashing/
23	/Data_Structures__Algorithms_and_Theory/Logic/
24	/Data_Structures__Algorithms_and_Theory/Parallel/
25	/Data_Structures__Algorithms_and_Theory/Quantum_Computing/
26	/Data_Structures__Algorithms_and_Theory/Randomized/
27	/Data_Structures__Algorithms_and_Theory/Sorting/
28	/Databases/Concurrency/
29	/Databases/Deductive/
30	/Databases/Object_Oriented/
31	/Databases/Performance/
32	/Databases/Query_Evaluation/
33	/Databases/Relational/
34	/Databases/Temporal/
35	/Encryption_and_Compression/Compression/
36	/Encryption_and_Compression/Encryption/
37	/Encryption_and_Compression/Security/
38	/Hardware_and_Architecture/Distributed_Architectures/
39	/Hardware_and_Architecture/High_Performance_Computing/
40	/Hardware_and_Architecture/Input_Output_and_Storage/
41	/Hardware_and_Architecture/Logic_Design/
42	/Hardware_and_Architecture/Memory_Structures/
43	/Hardware_and_Architecture/Microprogramming/
44	/Hardware_and_Architecture/VLSI/
45	/Human_Computer_Interaction/Cooperative/
46	/Human_Computer_Interaction/Graphics_and_Virtual_Reality/
47	/Human_Computer_Interaction/Interface_Design/
48	/Human_Computer_Interaction/Multimedia/
49	/Human_Computer_Interaction/Wearable_Computers/
50	/Information_Retrieval/Digital_Library/
51	/Information_Retrieval/Extraction/
52	/Information_Retrieval/Filtering/
53	/Information_Retrieval/Retrieval/
54	/Networking/Internet/
55	/Networking/Protocols/
56	/Networking/Routing/
57	/Networking/Wireless/
58	/Operating_Systems/Distributed/
59	/Operating_Systems/Fault_Tolerance/
60	/Operating_Systems/Memory_Management/
61	/Operating_Systems/Realtime/
62	/Programming/Compiler_Design/
63	/Programming/Debugging/
64	/Programming/Functional/
65	/Programming/Garbage_Collection/
66	/Programming/Java/
67	/Programming/Logic/
68	/Programming/Object_Oriented/
69	/Programming/Semantics/
70	/Programming/Software_Development/
