# Source: JDK 1.6.0.7, namespace java (2379 classes)
# Author: Lovro Subelj
#
java.applet.Applet 0
java.applet.Applet$AccessibleApplet 1
java.applet.AppletContext 2
java.applet.AppletStub 3
java.applet.AudioClip 4
java.awt.AWTError 5
java.awt.AWTEvent 6
java.awt.AWTEvent$1 7
java.awt.AWTEventMulticaster 8
java.awt.AWTException 9
java.awt.AWTKeyStroke 10
java.awt.AWTKeyStroke$1 11
java.awt.AWTPermission 12
java.awt.ActiveEvent 13
java.awt.Adjustable 14
java.awt.AlphaComposite 15
java.awt.AttributeValue 16
java.awt.BasicStroke 17
java.awt.BasicStroke$FillAdapter 18
java.awt.BorderLayout 19
java.awt.BufferCapabilities 20
java.awt.BufferCapabilities$FlipContents 21
java.awt.Button 22
java.awt.Button$AccessibleAWTButton 23
java.awt.Canvas 24
java.awt.Canvas$AccessibleAWTCanvas 25
java.awt.CardLayout 26
java.awt.CardLayout$Card 27
java.awt.Checkbox 28
java.awt.Checkbox$AccessibleAWTCheckbox 29
java.awt.CheckboxGroup 30
java.awt.CheckboxMenuItem 31
java.awt.CheckboxMenuItem$AccessibleAWTCheckboxMenuItem 32
java.awt.Choice 33
java.awt.Choice$AccessibleAWTChoice 34
java.awt.Color 35
java.awt.ColorPaintContext 36
java.awt.Component 37
java.awt.Component$1 38
java.awt.Component$2 39
java.awt.Component$3 40
java.awt.Component$4 41
java.awt.Component$AWTTreeLock 42
java.awt.Component$AccessibleAWTComponent 43
java.awt.Component$AccessibleAWTComponent$AccessibleAWTComponentHandler 44
java.awt.Component$AccessibleAWTComponent$AccessibleAWTFocusHandler 45
java.awt.Component$BaselineResizeBehavior 46
java.awt.Component$BltBufferStrategy 47
java.awt.Component$BltSubRegionBufferStrategy 48
java.awt.Component$DummyRequestFocusController 49
java.awt.Component$FlipBufferStrategy 50
java.awt.Component$FlipSubRegionBufferStrategy 51
java.awt.Component$NativeInLightFixer 52
java.awt.Component$SingleBufferStrategy 53
java.awt.ComponentOrientation 54
java.awt.Composite 55
java.awt.CompositeContext 56
java.awt.Conditional 57
java.awt.Container 58
java.awt.Container$1 59
java.awt.Container$2 60
java.awt.Container$2$1 61
java.awt.Container$AccessibleAWTContainer 62
java.awt.Container$AccessibleAWTContainer$AccessibleContainerHandler 63
java.awt.Container$DropTargetEventTargetFilter 64
java.awt.Container$EventTargetFilter 65
java.awt.Container$MouseEventTargetFilter 66
java.awt.Container$WakingRunnable 67
java.awt.ContainerOrderFocusTraversalPolicy 68
java.awt.Cursor 69
java.awt.Cursor$1 70
java.awt.Cursor$2 71
java.awt.Cursor$CursorDisposer 72
java.awt.DefaultFocusTraversalPolicy 73
java.awt.DefaultKeyboardFocusManager 74
java.awt.DefaultKeyboardFocusManager$1 75
java.awt.DefaultKeyboardFocusManager$DefaultKeyboardFocusManagerSentEvent 76
java.awt.DefaultKeyboardFocusManager$TypeAheadMarker 77
java.awt.Desktop 78
java.awt.Desktop$Action 79
java.awt.Dialog 80
java.awt.Dialog$1 81
java.awt.Dialog$1$1 82
java.awt.Dialog$2 83
java.awt.Dialog$3 84
java.awt.Dialog$4 85
java.awt.Dialog$AccessibleAWTDialog 86
java.awt.Dialog$ModalExclusionType 87
java.awt.Dialog$ModalityType 88
java.awt.Dialog$WakingRunnable 89
java.awt.Dimension 90
java.awt.DisplayMode 91
java.awt.Event 92
java.awt.EventDispatchThread 93
java.awt.EventDispatchThread$1 94
java.awt.EventDispatchThread$HierarchyEventFilter 95
java.awt.EventDispatchThread$StopDispatchEvent 96
java.awt.EventFilter 97
java.awt.EventFilter$FilterAction 98
java.awt.EventQueue 99
java.awt.EventQueue$1 100
java.awt.EventQueue$1AWTInvocationLock 101
java.awt.EventQueueItem 102
java.awt.FileDialog 103
java.awt.FlowLayout 104
java.awt.FocusManager 105
java.awt.FocusTraversalPolicy 106
java.awt.Font 107
java.awt.Font$1 108
java.awt.FontFormatException 109
java.awt.FontMetrics 110
java.awt.Frame 111
java.awt.Frame$AccessibleAWTFrame 112
java.awt.GradientPaint 113
java.awt.GradientPaintContext 114
java.awt.Graphics 115
java.awt.Graphics2D 116
java.awt.GraphicsCallback 117
java.awt.GraphicsCallback$PaintAllCallback 118
java.awt.GraphicsCallback$PaintCallback 119
java.awt.GraphicsCallback$PaintHeavyweightComponentsCallback 120
java.awt.GraphicsCallback$PeerPaintCallback 121
java.awt.GraphicsCallback$PeerPrintCallback 122
java.awt.GraphicsCallback$PrintAllCallback 123
java.awt.GraphicsCallback$PrintCallback 124
java.awt.GraphicsCallback$PrintHeavyweightComponentsCallback 125
java.awt.GraphicsConfigTemplate 126
java.awt.GraphicsConfiguration 127
java.awt.GraphicsConfiguration$DefaultBufferCapabilities 128
java.awt.GraphicsDevice 129
java.awt.GraphicsEnvironment 130
java.awt.GraphicsEnvironment$1 131
java.awt.GridBagConstraints 132
java.awt.GridBagLayout 133
java.awt.GridBagLayout$1 134
java.awt.GridBagLayoutInfo 135
java.awt.GridLayout 136
java.awt.HeadlessException 137
java.awt.IllegalComponentStateException 138
java.awt.Image 139
java.awt.Image$1 140
java.awt.ImageCapabilities 141
java.awt.ImageMediaEntry 142
java.awt.Insets 143
java.awt.ItemSelectable 144
java.awt.JobAttributes 145
java.awt.JobAttributes$DefaultSelectionType 146
java.awt.JobAttributes$DestinationType 147
java.awt.JobAttributes$DialogType 148
java.awt.JobAttributes$MultipleDocumentHandlingType 149
java.awt.JobAttributes$SidesType 150
java.awt.KeyEventDispatcher 151
java.awt.KeyEventPostProcessor 152
java.awt.KeyboardFocusManager 153
java.awt.KeyboardFocusManager$1 154
java.awt.KeyboardFocusManager$2 155
java.awt.KeyboardFocusManager$HeavyweightFocusRequest 156
java.awt.KeyboardFocusManager$LightweightFocusRequest 157
java.awt.Label 158
java.awt.Label$AccessibleAWTLabel 159
java.awt.LayoutManager 160
java.awt.LayoutManager2 161
java.awt.LightweightDispatcher 162
java.awt.LightweightDispatcher$1 163
java.awt.LightweightDispatcher$2 164
java.awt.LightweightDispatcher$3 165
java.awt.LinearGradientPaint 166
java.awt.LinearGradientPaintContext 167
java.awt.List 168
java.awt.List$AccessibleAWTList 169
java.awt.List$AccessibleAWTList$AccessibleAWTListChild 170
java.awt.MediaEntry 171
java.awt.MediaTracker 172
java.awt.Menu 173
java.awt.Menu$AccessibleAWTMenu 174
java.awt.MenuBar 175
java.awt.MenuBar$AccessibleAWTMenuBar 176
java.awt.MenuComponent 177
java.awt.MenuComponent$AccessibleAWTMenuComponent 178
java.awt.MenuContainer 179
java.awt.MenuItem 180
java.awt.MenuItem$AccessibleAWTMenuItem 181
java.awt.MenuShortcut 182
java.awt.ModalEventFilter 183
java.awt.ModalEventFilter$1 184
java.awt.ModalEventFilter$ApplicationModalEventFilter 185
java.awt.ModalEventFilter$DocumentModalEventFilter 186
java.awt.ModalEventFilter$ToolkitModalEventFilter 187
java.awt.MouseInfo 188
java.awt.MultipleGradientPaint 189
java.awt.MultipleGradientPaint$ColorSpaceType 190
java.awt.MultipleGradientPaint$CycleMethod 191
java.awt.MultipleGradientPaintContext 192
java.awt.MutableBoolean 193
java.awt.PageAttributes 194
java.awt.PageAttributes$ColorType 195
java.awt.PageAttributes$MediaType 196
java.awt.PageAttributes$OrientationRequestedType 197
java.awt.PageAttributes$OriginType 198
java.awt.PageAttributes$PrintQualityType 199
java.awt.Paint 200
java.awt.PaintContext 201
java.awt.Panel 202
java.awt.Panel$AccessibleAWTPanel 203
java.awt.PeerFixer 204
java.awt.Point 205
java.awt.PointerInfo 206
java.awt.Polygon 207
java.awt.Polygon$PolygonPathIterator 208
java.awt.PopupMenu 209
java.awt.PopupMenu$AccessibleAWTPopupMenu 210
java.awt.PrintGraphics 211
java.awt.PrintJob 212
java.awt.Queue 213
java.awt.RadialGradientPaint 214
java.awt.RadialGradientPaintContext 215
java.awt.Rectangle 216
java.awt.RenderingHints 217
java.awt.RenderingHints$Key 218
java.awt.Robot 219
java.awt.Robot$1 220
java.awt.ScrollPane 221
java.awt.ScrollPane$AccessibleAWTScrollPane 222
java.awt.ScrollPane$PeerFixer 223
java.awt.ScrollPaneAdjustable 224
java.awt.Scrollbar 225
java.awt.Scrollbar$AccessibleAWTScrollBar 226
java.awt.SentEvent 227
java.awt.SequencedEvent 228
java.awt.SequencedEvent$1 229
java.awt.Shape 230
java.awt.SplashScreen 231
java.awt.Stroke 232
java.awt.SystemColor 233
java.awt.SystemTray 234
java.awt.TextArea 235
java.awt.TextArea$AccessibleAWTTextArea 236
java.awt.TextComponent 237
java.awt.TextComponent$AccessibleAWTTextComponent 238
java.awt.TextField 239
java.awt.TextField$AccessibleAWTTextField 240
java.awt.TexturePaint 241
java.awt.TexturePaintContext 242
java.awt.TexturePaintContext$Any 243
java.awt.TexturePaintContext$Byte 244
java.awt.TexturePaintContext$ByteFilter 245
java.awt.TexturePaintContext$Int 246
java.awt.Toolkit 247
java.awt.Toolkit$1 248
java.awt.Toolkit$2 249
java.awt.Toolkit$3 250
java.awt.Toolkit$SelectiveAWTEventListener 251
java.awt.Toolkit$ToolkitEventMulticaster 252
java.awt.Transparency 253
java.awt.TrayIcon 254
java.awt.TrayIcon$MessageType 255
java.awt.VKCollection 256
java.awt.Window 257
java.awt.Window$1DisposeAction 258
java.awt.Window$AccessibleAWTWindow 259
java.awt.Window$WindowDisposerRecord 260
java.awt.color.CMMException 261
java.awt.color.ColorSpace 262
java.awt.color.ICC_ColorSpace 263
java.awt.color.ICC_Profile 264
java.awt.color.ICC_Profile$1 265
java.awt.color.ICC_Profile$2 266
java.awt.color.ICC_Profile$3 267
java.awt.color.ICC_ProfileGray 268
java.awt.color.ICC_ProfileRGB 269
java.awt.color.ProfileDataException 270
java.awt.datatransfer.Clipboard 271
java.awt.datatransfer.Clipboard$1 272
java.awt.datatransfer.Clipboard$2 273
java.awt.datatransfer.ClipboardOwner 274
java.awt.datatransfer.DataFlavor 275
java.awt.datatransfer.DataFlavor$1 276
java.awt.datatransfer.DataFlavor$TextFlavorComparator 277
java.awt.datatransfer.FlavorEvent 278
java.awt.datatransfer.FlavorListener 279
java.awt.datatransfer.FlavorMap 280
java.awt.datatransfer.FlavorTable 281
java.awt.datatransfer.MimeType 282
java.awt.datatransfer.MimeTypeParameterList 283
java.awt.datatransfer.MimeTypeParseException 284
java.awt.datatransfer.StringSelection 285
java.awt.datatransfer.SystemFlavorMap 286
java.awt.datatransfer.SystemFlavorMap$1 287
java.awt.datatransfer.SystemFlavorMap$2 288
java.awt.datatransfer.Transferable 289
java.awt.datatransfer.UnsupportedFlavorException 290
java.awt.dnd.Autoscroll 291
java.awt.dnd.DnDConstants 292
java.awt.dnd.DnDEventMulticaster 293
java.awt.dnd.DragGestureEvent 294
java.awt.dnd.DragGestureListener 295
java.awt.dnd.DragGestureRecognizer 296
java.awt.dnd.DragSource 297
java.awt.dnd.DragSourceAdapter 298
java.awt.dnd.DragSourceContext 299
java.awt.dnd.DragSourceContext$1 300
java.awt.dnd.DragSourceDragEvent 301
java.awt.dnd.DragSourceDropEvent 302
java.awt.dnd.DragSourceEvent 303
java.awt.dnd.DragSourceListener 304
java.awt.dnd.DragSourceMotionListener 305
java.awt.dnd.DropTarget 306
java.awt.dnd.DropTarget$DropTargetAutoScroller 307
java.awt.dnd.DropTargetAdapter 308
java.awt.dnd.DropTargetContext 309
java.awt.dnd.DropTargetContext$TransferableProxy 310
java.awt.dnd.DropTargetDragEvent 311
java.awt.dnd.DropTargetDropEvent 312
java.awt.dnd.DropTargetEvent 313
java.awt.dnd.DropTargetListener 314
java.awt.dnd.InvalidDnDOperationException 315
java.awt.dnd.MouseDragGestureRecognizer 316
java.awt.dnd.SerializationTester 317
java.awt.dnd.SerializationTester$1 318
java.awt.dnd.peer.DragSourceContextPeer 319
java.awt.dnd.peer.DropTargetContextPeer 320
java.awt.dnd.peer.DropTargetPeer 321
java.awt.event.AWTEventListener 322
java.awt.event.AWTEventListenerProxy 323
java.awt.event.ActionEvent 324
java.awt.event.ActionListener 325
java.awt.event.AdjustmentEvent 326
java.awt.event.AdjustmentListener 327
java.awt.event.ComponentAdapter 328
java.awt.event.ComponentEvent 329
java.awt.event.ComponentListener 330
java.awt.event.ContainerAdapter 331
java.awt.event.ContainerEvent 332
java.awt.event.ContainerListener 333
java.awt.event.FocusAdapter 334
java.awt.event.FocusEvent 335
java.awt.event.FocusListener 336
java.awt.event.HierarchyBoundsAdapter 337
java.awt.event.HierarchyBoundsListener 338
java.awt.event.HierarchyEvent 339
java.awt.event.HierarchyListener 340
java.awt.event.InputEvent 341
java.awt.event.InputMethodEvent 342
java.awt.event.InputMethodListener 343
java.awt.event.InvocationEvent 344
java.awt.event.ItemEvent 345
java.awt.event.ItemListener 346
java.awt.event.KeyAdapter 347
java.awt.event.KeyEvent 348
java.awt.event.KeyListener 349
java.awt.event.MouseAdapter 350
java.awt.event.MouseEvent 351
java.awt.event.MouseListener 352
java.awt.event.MouseMotionAdapter 353
java.awt.event.MouseMotionListener 354
java.awt.event.MouseWheelEvent 355
java.awt.event.MouseWheelListener 356
java.awt.event.NativeLibLoader 357
java.awt.event.PaintEvent 358
java.awt.event.TextEvent 359
java.awt.event.TextListener 360
java.awt.event.WindowAdapter 361
java.awt.event.WindowEvent 362
java.awt.event.WindowFocusListener 363
java.awt.event.WindowListener 364
java.awt.event.WindowStateListener 365
java.awt.font.CharArrayIterator 366
java.awt.font.FontRenderContext 367
java.awt.font.GlyphJustificationInfo 368
java.awt.font.GlyphMetrics 369
java.awt.font.GlyphVector 370
java.awt.font.GraphicAttribute 371
java.awt.font.ImageGraphicAttribute 372
java.awt.font.LayoutPath 373
java.awt.font.LineBreakMeasurer 374
java.awt.font.LineMetrics 375
java.awt.font.MultipleMaster 376
java.awt.font.NumericShaper 377
java.awt.font.OpenType 378
java.awt.font.ShapeGraphicAttribute 379
java.awt.font.StyledParagraph 380
java.awt.font.TextAttribute 381
java.awt.font.TextHitInfo 382
java.awt.font.TextJustifier 383
java.awt.font.TextLayout 384
java.awt.font.TextLayout$CaretPolicy 385
java.awt.font.TextLine 386
java.awt.font.TextLine$1 387
java.awt.font.TextLine$2 388
java.awt.font.TextLine$3 389
java.awt.font.TextLine$4 390
java.awt.font.TextLine$Function 391
java.awt.font.TextLine$TextLineMetrics 392
java.awt.font.TextMeasurer 393
java.awt.font.TransformAttribute 394
java.awt.geom.AffineTransform 395
java.awt.geom.Arc2D 396
java.awt.geom.Arc2D$Double 397
java.awt.geom.Arc2D$Float 398
java.awt.geom.ArcIterator 399
java.awt.geom.Area 400
java.awt.geom.AreaIterator 401
java.awt.geom.CubicCurve2D 402
java.awt.geom.CubicCurve2D$Double 403
java.awt.geom.CubicCurve2D$Float 404
java.awt.geom.CubicIterator 405
java.awt.geom.Dimension2D 406
java.awt.geom.Ellipse2D 407
java.awt.geom.Ellipse2D$Double 408
java.awt.geom.Ellipse2D$Float 409
java.awt.geom.EllipseIterator 410
java.awt.geom.FlatteningPathIterator 411
java.awt.geom.GeneralPath 412
java.awt.geom.IllegalPathStateException 413
java.awt.geom.Line2D 414
java.awt.geom.Line2D$Double 415
java.awt.geom.Line2D$Float 416
java.awt.geom.LineIterator 417
java.awt.geom.NoninvertibleTransformException 418
java.awt.geom.Path2D 419
java.awt.geom.Path2D$Double 420
java.awt.geom.Path2D$Double$CopyIterator 421
java.awt.geom.Path2D$Double$TxIterator 422
java.awt.geom.Path2D$Float 423
java.awt.geom.Path2D$Float$CopyIterator 424
java.awt.geom.Path2D$Float$TxIterator 425
java.awt.geom.Path2D$Iterator 426
java.awt.geom.PathIterator 427
java.awt.geom.Point2D 428
java.awt.geom.Point2D$Double 429
java.awt.geom.Point2D$Float 430
java.awt.geom.QuadCurve2D 431
java.awt.geom.QuadCurve2D$Double 432
java.awt.geom.QuadCurve2D$Float 433
java.awt.geom.QuadIterator 434
java.awt.geom.RectIterator 435
java.awt.geom.Rectangle2D 436
java.awt.geom.Rectangle2D$Double 437
java.awt.geom.Rectangle2D$Float 438
java.awt.geom.RectangularShape 439
java.awt.geom.RoundRectIterator 440
java.awt.geom.RoundRectangle2D 441
java.awt.geom.RoundRectangle2D$Double 442
java.awt.geom.RoundRectangle2D$Float 443
java.awt.im.InputContext 444
java.awt.im.InputMethodHighlight 445
java.awt.im.InputMethodRequests 446
java.awt.im.InputSubset 447
java.awt.im.spi.InputMethod 448
java.awt.im.spi.InputMethodContext 449
java.awt.im.spi.InputMethodDescriptor 450
java.awt.image.AffineTransformOp 451
java.awt.image.AreaAveragingScaleFilter 452
java.awt.image.BandCombineOp 453
java.awt.image.BandedSampleModel 454
java.awt.image.BufferStrategy 455
java.awt.image.BufferedImage 456
java.awt.image.BufferedImageFilter 457
java.awt.image.BufferedImageOp 458
java.awt.image.ByteLookupTable 459
java.awt.image.ColorConvertOp 460
java.awt.image.ColorModel 461
java.awt.image.ComponentColorModel 462
java.awt.image.ComponentSampleModel 463
java.awt.image.ConvolveOp 464
java.awt.image.CropImageFilter 465
java.awt.image.DataBuffer 466
java.awt.image.DataBufferByte 467
java.awt.image.DataBufferDouble 468
java.awt.image.DataBufferFloat 469
java.awt.image.DataBufferInt 470
java.awt.image.DataBufferShort 471
java.awt.image.DataBufferUShort 472
java.awt.image.DirectColorModel 473
java.awt.image.FilteredImageSource 474
java.awt.image.ImageConsumer 475
java.awt.image.ImageFilter 476
java.awt.image.ImageObserver 477
java.awt.image.ImageProducer 478
java.awt.image.ImagingOpException 479
java.awt.image.IndexColorModel 480
java.awt.image.Kernel 481
java.awt.image.LookupOp 482
java.awt.image.LookupTable 483
java.awt.image.MemoryImageSource 484
java.awt.image.MultiPixelPackedSampleModel 485
java.awt.image.PackedColorModel 486
java.awt.image.PixelGrabber 487
java.awt.image.PixelInterleavedSampleModel 488
java.awt.image.RGBImageFilter 489
java.awt.image.Raster 490
java.awt.image.RasterFormatException 491
java.awt.image.RasterOp 492
java.awt.image.RenderedImage 493
java.awt.image.ReplicateScaleFilter 494
java.awt.image.RescaleOp 495
java.awt.image.SampleModel 496
java.awt.image.ShortLookupTable 497
java.awt.image.SinglePixelPackedSampleModel 498
java.awt.image.TileObserver 499
java.awt.image.VolatileImage 500
java.awt.image.WritableRaster 501
java.awt.image.WritableRenderedImage 502
java.awt.image.renderable.ContextualRenderedImageFactory 503
java.awt.image.renderable.ParameterBlock 504
java.awt.image.renderable.RenderContext 505
java.awt.image.renderable.RenderableImage 506
java.awt.image.renderable.RenderableImageOp 507
java.awt.image.renderable.RenderableImageProducer 508
java.awt.image.renderable.RenderedImageFactory 509
java.awt.peer.ButtonPeer 510
java.awt.peer.CanvasPeer 511
java.awt.peer.CheckboxMenuItemPeer 512
java.awt.peer.CheckboxPeer 513
java.awt.peer.ChoicePeer 514
java.awt.peer.ComponentPeer 515
java.awt.peer.ContainerPeer 516
java.awt.peer.DesktopPeer 517
java.awt.peer.DialogPeer 518
java.awt.peer.FileDialogPeer 519
java.awt.peer.FontPeer 520
java.awt.peer.FramePeer 521
java.awt.peer.KeyboardFocusManagerPeer 522
java.awt.peer.LabelPeer 523
java.awt.peer.LightweightPeer 524
java.awt.peer.ListPeer 525
java.awt.peer.MenuBarPeer 526
java.awt.peer.MenuComponentPeer 527
java.awt.peer.MenuItemPeer 528
java.awt.peer.MenuPeer 529
java.awt.peer.MouseInfoPeer 530
java.awt.peer.PanelPeer 531
java.awt.peer.PopupMenuPeer 532
java.awt.peer.RobotPeer 533
java.awt.peer.ScrollPanePeer 534
java.awt.peer.ScrollbarPeer 535
java.awt.peer.SystemTrayPeer 536
java.awt.peer.TextAreaPeer 537
java.awt.peer.TextComponentPeer 538
java.awt.peer.TextFieldPeer 539
java.awt.peer.TrayIconPeer 540
java.awt.peer.WindowPeer 541
java.awt.print.Book 542
java.awt.print.Book$BookPage 543
java.awt.print.PageFormat 544
java.awt.print.Pageable 545
java.awt.print.Paper 546
java.awt.print.Printable 547
java.awt.print.PrinterAbortException 548
java.awt.print.PrinterException 549
java.awt.print.PrinterGraphics 550
java.awt.print.PrinterIOException 551
java.awt.print.PrinterJob 552
java.awt.print.PrinterJob$1 553
java.beans.AppletInitializer 554
java.beans.ArrayPersistenceDelegate 555
java.beans.BeanDescriptor 556
java.beans.BeanInfo 557
java.beans.Beans 558
java.beans.Beans$1 559
java.beans.Beans$2 560
java.beans.BeansAppletContext 561
java.beans.BeansAppletStub 562
java.beans.ConstructorProperties 563
java.beans.Customizer 564
java.beans.DefaultPersistenceDelegate 565
java.beans.DesignMode 566
java.beans.Encoder 567
java.beans.EnumPersistenceDelegate 568
java.beans.EventHandler 569
java.beans.EventHandler$1 570
java.beans.EventSetDescriptor 571
java.beans.ExceptionListener 572
java.beans.Expression 573
java.beans.FeatureDescriptor 574
java.beans.GenericBeanInfo 575
java.beans.IndexedPropertyChangeEvent 576
java.beans.IndexedPropertyDescriptor 577
java.beans.IntrospectionException 578
java.beans.Introspector 579
java.beans.Introspector$1 580
java.beans.MetaData 581
java.beans.MethodDescriptor 582
java.beans.NameGenerator 583
java.beans.NullPersistenceDelegate 584
java.beans.ObjectInputStreamWithLoader 585
java.beans.ParameterDescriptor 586
java.beans.PersistenceDelegate 587
java.beans.PrimitivePersistenceDelegate 588
java.beans.PropertyChangeEvent 589
java.beans.PropertyChangeListener 590
java.beans.PropertyChangeListenerProxy 591
java.beans.PropertyChangeSupport 592
java.beans.PropertyDescriptor 593
java.beans.PropertyEditor 594
java.beans.PropertyEditorManager 595
java.beans.PropertyEditorSupport 596
java.beans.PropertyVetoException 597
java.beans.ProxyPersistenceDelegate 598
java.beans.ReflectionUtils 599
java.beans.ReflectionUtils$Signature 600
java.beans.SimpleBeanInfo 601
java.beans.SimpleBeanInfo$1 602
java.beans.Statement 603
java.beans.Statement$1 604
java.beans.StaticFieldsPersistenceDelegate 605
java.beans.VetoableChangeListener 606
java.beans.VetoableChangeListenerProxy 607
java.beans.VetoableChangeSupport 608
java.beans.Visibility 609
java.beans.XMLDecoder 610
java.beans.XMLEncoder 611
java.beans.XMLEncoder$1 612
java.beans.XMLEncoder$ValueData 613
java.beans.beancontext.BeanContext 614
java.beans.beancontext.BeanContextChild 615
java.beans.beancontext.BeanContextChildComponentProxy 616
java.beans.beancontext.BeanContextChildSupport 617
java.beans.beancontext.BeanContextContainerProxy 618
java.beans.beancontext.BeanContextEvent 619
java.beans.beancontext.BeanContextMembershipEvent 620
java.beans.beancontext.BeanContextMembershipListener 621
java.beans.beancontext.BeanContextProxy 622
java.beans.beancontext.BeanContextServiceAvailableEvent 623
java.beans.beancontext.BeanContextServiceProvider 624
java.beans.beancontext.BeanContextServiceProviderBeanInfo 625
java.beans.beancontext.BeanContextServiceRevokedEvent 626
java.beans.beancontext.BeanContextServiceRevokedListener 627
java.beans.beancontext.BeanContextServices 628
java.beans.beancontext.BeanContextServicesListener 629
java.beans.beancontext.BeanContextServicesSupport 630
java.beans.beancontext.BeanContextServicesSupport$BCSSChild 631
java.beans.beancontext.BeanContextServicesSupport$BCSSChild$BCSSCServiceClassRef 632
java.beans.beancontext.BeanContextServicesSupport$BCSSChild$BCSSCServiceRef 633
java.beans.beancontext.BeanContextServicesSupport$BCSSProxyServiceProvider 634
java.beans.beancontext.BeanContextServicesSupport$BCSSServiceProvider 635
java.beans.beancontext.BeanContextSupport 636
java.beans.beancontext.BeanContextSupport$1 637
java.beans.beancontext.BeanContextSupport$2 638
java.beans.beancontext.BeanContextSupport$BCSChild 639
java.beans.beancontext.BeanContextSupport$BCSIterator 640
java.beans.java_awt_BorderLayout_PersistenceDelegate 641
java.beans.java_awt_CardLayout_PersistenceDelegate 642
java.beans.java_awt_Choice_PersistenceDelegate 643
java.beans.java_awt_Component_PersistenceDelegate 644
java.beans.java_awt_Container_PersistenceDelegate 645
java.beans.java_awt_Dimension_PersistenceDelegate 646
java.beans.java_awt_GridBagConstraints_PersistenceDelegate 647
java.beans.java_awt_GridBagLayout_PersistenceDelegate 648
java.beans.java_awt_Insets_PersistenceDelegate 649
java.beans.java_awt_List_PersistenceDelegate 650
java.beans.java_awt_MenuBar_PersistenceDelegate 651
java.beans.java_awt_MenuShortcut_PersistenceDelegate 652
java.beans.java_awt_Menu_PersistenceDelegate 653
java.beans.java_awt_Point_PersistenceDelegate 654
java.beans.java_awt_Rectangle_PersistenceDelegate 655
java.beans.java_awt_SystemColor_PersistenceDelegate 656
java.beans.java_awt_font_TextAttribute_PersistenceDelegate 657
java.beans.java_beans_beancontext_BeanContextSupport_PersistenceDelegate 658
java.beans.java_lang_Class_PersistenceDelegate 659
java.beans.java_lang_String_PersistenceDelegate 660
java.beans.java_lang_reflect_Field_PersistenceDelegate 661
java.beans.java_lang_reflect_Method_PersistenceDelegate 662
java.beans.java_util_AbstractCollection_PersistenceDelegate 663
java.beans.java_util_AbstractList_PersistenceDelegate 664
java.beans.java_util_AbstractMap_PersistenceDelegate 665
java.beans.java_util_Collection_PersistenceDelegate 666
java.beans.java_util_Collections 667
java.beans.java_util_Collections$CheckedCollection_PersistenceDelegate 668
java.beans.java_util_Collections$CheckedList_PersistenceDelegate 669
java.beans.java_util_Collections$CheckedMap_PersistenceDelegate 670
java.beans.java_util_Collections$CheckedRandomAccessList_PersistenceDelegate 671
java.beans.java_util_Collections$CheckedSet_PersistenceDelegate 672
java.beans.java_util_Collections$CheckedSortedMap_PersistenceDelegate 673
java.beans.java_util_Collections$CheckedSortedSet_PersistenceDelegate 674
java.beans.java_util_Collections$EmptyList_PersistenceDelegate 675
java.beans.java_util_Collections$EmptyMap_PersistenceDelegate 676
java.beans.java_util_Collections$EmptySet_PersistenceDelegate 677
java.beans.java_util_Collections$SingletonList_PersistenceDelegate 678
java.beans.java_util_Collections$SingletonMap_PersistenceDelegate 679
java.beans.java_util_Collections$SingletonSet_PersistenceDelegate 680
java.beans.java_util_Collections$SynchronizedCollection_PersistenceDelegate 681
java.beans.java_util_Collections$SynchronizedList_PersistenceDelegate 682
java.beans.java_util_Collections$SynchronizedMap_PersistenceDelegate 683
java.beans.java_util_Collections$SynchronizedRandomAccessList_PersistenceDelegate 684
java.beans.java_util_Collections$SynchronizedSet_PersistenceDelegate 685
java.beans.java_util_Collections$SynchronizedSortedMap_PersistenceDelegate 686
java.beans.java_util_Collections$SynchronizedSortedSet_PersistenceDelegate 687
java.beans.java_util_Collections$UnmodifiableCollection_PersistenceDelegate 688
java.beans.java_util_Collections$UnmodifiableList_PersistenceDelegate 689
java.beans.java_util_Collections$UnmodifiableMap_PersistenceDelegate 690
java.beans.java_util_Collections$UnmodifiableRandomAccessList_PersistenceDelegate 691
java.beans.java_util_Collections$UnmodifiableSet_PersistenceDelegate 692
java.beans.java_util_Collections$UnmodifiableSortedMap_PersistenceDelegate 693
java.beans.java_util_Collections$UnmodifiableSortedSet_PersistenceDelegate 694
java.beans.java_util_Hashtable_PersistenceDelegate 695
java.beans.java_util_List_PersistenceDelegate 696
java.beans.java_util_Map_PersistenceDelegate 697
java.beans.javax_swing_Box_PersistenceDelegate 698
java.beans.javax_swing_DefaultComboBoxModel_PersistenceDelegate 699
java.beans.javax_swing_DefaultListModel_PersistenceDelegate 700
java.beans.javax_swing_JFrame_PersistenceDelegate 701
java.beans.javax_swing_JMenu_PersistenceDelegate 702
java.beans.javax_swing_JTabbedPane_PersistenceDelegate 703
java.beans.javax_swing_ToolTipManager_PersistenceDelegate 704
java.beans.javax_swing_border_MatteBorder_PersistenceDelegate 705
java.beans.javax_swing_tree_DefaultMutableTreeNode_PersistenceDelegate 706
java.beans.sun_swing_PrintColorUIResource_PersistenceDelegate 707
java.io.Bits 708
java.io.BufferedInputStream 709
java.io.BufferedOutputStream 710
java.io.BufferedReader 711
java.io.BufferedWriter 712
java.io.ByteArrayInputStream 713
java.io.ByteArrayOutputStream 714
java.io.CharArrayReader 715
java.io.CharArrayWriter 716
java.io.CharConversionException 717
java.io.Closeable 718
java.io.Console 719
java.io.Console$1 720
java.io.Console$2 721
java.io.Console$LineReader 722
java.io.DataInput 723
java.io.DataInputStream 724
java.io.DataOutput 725
java.io.DataOutputStream 726
java.io.DeleteOnExitHook 727
java.io.EOFException 728
java.io.ExpiringCache 729
java.io.ExpiringCache$1 730
java.io.ExpiringCache$Entry 731
java.io.Externalizable 732
java.io.File 733
java.io.FileDescriptor 734
java.io.FileFilter 735
java.io.FileInputStream 736
java.io.FileNotFoundException 737
java.io.FileOutputStream 738
java.io.FilePermission 739
java.io.FilePermission$1 740
java.io.FilePermissionCollection 741
java.io.FileReader 742
java.io.FileSystem 743
java.io.FileWriter 744
java.io.FilenameFilter 745
java.io.FilterInputStream 746
java.io.FilterOutputStream 747
java.io.FilterReader 748
java.io.FilterWriter 749
java.io.Flushable 750
java.io.IOError 751
java.io.IOException 752
java.io.InputStream 753
java.io.InputStreamReader 754
java.io.InterruptedIOException 755
java.io.InvalidClassException 756
java.io.InvalidObjectException 757
java.io.LineNumberInputStream 758
java.io.LineNumberReader 759
java.io.NotActiveException 760
java.io.NotSerializableException 761
java.io.ObjectInput 762
java.io.ObjectInputStream 763
java.io.ObjectInputStream$1 764
java.io.ObjectInputStream$BlockDataInputStream 765
java.io.ObjectInputStream$Caches 766
java.io.ObjectInputStream$CallbackContext 767
java.io.ObjectInputStream$GetField 768
java.io.ObjectInputStream$GetFieldImpl 769
java.io.ObjectInputStream$HandleTable 770
java.io.ObjectInputStream$HandleTable$HandleList 771
java.io.ObjectInputStream$PeekInputStream 772
java.io.ObjectInputStream$ValidationList 773
java.io.ObjectInputStream$ValidationList$1 774
java.io.ObjectInputStream$ValidationList$Callback 775
java.io.ObjectInputValidation 776
java.io.ObjectOutput 777
java.io.ObjectOutputStream 778
java.io.ObjectOutputStream$1 779
java.io.ObjectOutputStream$BlockDataOutputStream 780
java.io.ObjectOutputStream$Caches 781
java.io.ObjectOutputStream$DebugTraceInfoStack 782
java.io.ObjectOutputStream$HandleTable 783
java.io.ObjectOutputStream$PutField 784
java.io.ObjectOutputStream$PutFieldImpl 785
java.io.ObjectOutputStream$ReplaceTable 786
java.io.ObjectStreamClass 787
java.io.ObjectStreamClass$1 788
java.io.ObjectStreamClass$2 789
java.io.ObjectStreamClass$3 790
java.io.ObjectStreamClass$4 791
java.io.ObjectStreamClass$5 792
java.io.ObjectStreamClass$Caches 793
java.io.ObjectStreamClass$ClassDataSlot 794
java.io.ObjectStreamClass$EntryFuture 795
java.io.ObjectStreamClass$EntryFuture$1 796
java.io.ObjectStreamClass$FieldReflector 797
java.io.ObjectStreamClass$FieldReflectorKey 798
java.io.ObjectStreamClass$MemberSignature 799
java.io.ObjectStreamClass$WeakClassKey 800
java.io.ObjectStreamConstants 801
java.io.ObjectStreamException 802
java.io.ObjectStreamField 803
java.io.OptionalDataException 804
java.io.OutputStream 805
java.io.OutputStreamWriter 806
java.io.PipedInputStream 807
java.io.PipedOutputStream 808
java.io.PipedReader 809
java.io.PipedWriter 810
java.io.PrintStream 811
java.io.PrintWriter 812
java.io.PushbackInputStream 813
java.io.PushbackReader 814
java.io.RandomAccessFile 815
java.io.Reader 816
java.io.SequenceInputStream 817
java.io.Serializable 818
java.io.SerializablePermission 819
java.io.StreamCorruptedException 820
java.io.StreamTokenizer 821
java.io.StringBufferInputStream 822
java.io.StringReader 823
java.io.StringWriter 824
java.io.SyncFailedException 825
java.io.UTFDataFormatException 826
java.io.UnsupportedEncodingException 827
java.io.WriteAbortedException 828
java.io.Writer 829
java.lang.AbstractMethodError 830
java.lang.AbstractStringBuilder 831
java.lang.Appendable 832
java.lang.ApplicationShutdownHooks 833
java.lang.ArithmeticException 834
java.lang.ArrayIndexOutOfBoundsException 835
java.lang.ArrayStoreException 836
java.lang.AssertionError 837
java.lang.AssertionStatusDirectives 838
java.lang.Boolean 839
java.lang.Byte 840
java.lang.Byte$ByteCache 841
java.lang.CharSequence 842
java.lang.Character 843
java.lang.Character$CharacterCache 844
java.lang.Character$Subset 845
java.lang.Character$UnicodeBlock 846
java.lang.CharacterData00 847
java.lang.CharacterData01 848
java.lang.CharacterData02 849
java.lang.CharacterData0E 850
java.lang.CharacterDataLatin1 851
java.lang.CharacterDataPrivateUse 852
java.lang.CharacterDataUndefined 853
java.lang.Class 854
java.lang.Class$1 855
java.lang.Class$2 856
java.lang.Class$3 857
java.lang.Class$4 858
java.lang.Class$EnclosingMethodInfo 859
java.lang.Class$MethodArray 860
java.lang.ClassCastException 861
java.lang.ClassCircularityError 862
java.lang.ClassFormatError 863
java.lang.ClassLoader 864
java.lang.ClassLoader$1 865
java.lang.ClassLoader$2 866
java.lang.ClassLoader$3 867
java.lang.ClassLoader$NativeLibrary 868
java.lang.ClassNotFoundException 869
java.lang.CloneNotSupportedException 870
java.lang.Cloneable 871
java.lang.Comparable 872
java.lang.Compiler 873
java.lang.Compiler$1 874
java.lang.ConditionalSpecialCasing 875
java.lang.ConditionalSpecialCasing$Entry 876
java.lang.Deprecated 877
java.lang.Double 878
java.lang.Enum 879
java.lang.EnumConstantNotPresentException 880
java.lang.Error 881
java.lang.Exception 882
java.lang.ExceptionInInitializerError 883
java.lang.Float 884
java.lang.IllegalAccessError 885
java.lang.IllegalAccessException 886
java.lang.IllegalArgumentException 887
java.lang.IllegalMonitorStateException 888
java.lang.IllegalStateException 889
java.lang.IllegalThreadStateException 890
java.lang.IncompatibleClassChangeError 891
java.lang.IndexOutOfBoundsException 892
java.lang.InheritableThreadLocal 893
java.lang.InstantiationError 894
java.lang.InstantiationException 895
java.lang.Integer 896
java.lang.Integer$IntegerCache 897
java.lang.InternalError 898
java.lang.InterruptedException 899
java.lang.Iterable 900
java.lang.LinkageError 901
java.lang.Long 902
java.lang.Long$LongCache 903
java.lang.Math 904
java.lang.NegativeArraySizeException 905
java.lang.NoClassDefFoundError 906
java.lang.NoSuchFieldError 907
java.lang.NoSuchFieldException 908
java.lang.NoSuchMethodError 909
java.lang.NoSuchMethodException 910
java.lang.NullPointerException 911
java.lang.Number 912
java.lang.NumberFormatException 913
java.lang.Object 914
java.lang.OutOfMemoryError 915
java.lang.Override 916
java.lang.Package 917
java.lang.Package$1 918
java.lang.Package$1PackageInfoProxy 919
java.lang.Process 920
java.lang.ProcessBuilder 921
java.lang.ProcessEnvironment 922
java.lang.ProcessImpl 923
java.lang.Readable 924
java.lang.Runnable 925
java.lang.Runtime 926
java.lang.RuntimeException 927
java.lang.RuntimePermission 928
java.lang.SecurityException 929
java.lang.SecurityManager 930
java.lang.SecurityManager$1 931
java.lang.SecurityManager$2 932
java.lang.Short 933
java.lang.Short$ShortCache 934
java.lang.Shutdown 935
java.lang.Shutdown$1 936
java.lang.Shutdown$Lock 937
java.lang.StackOverflowError 938
java.lang.StackTraceElement 939
java.lang.StrictMath 940
java.lang.String 941
java.lang.String$1 942
java.lang.String$CaseInsensitiveComparator 943
java.lang.StringBuffer 944
java.lang.StringBuilder 945
java.lang.StringCoding 946
java.lang.StringCoding$1 947
java.lang.StringCoding$StringDecoder 948
java.lang.StringCoding$StringEncoder 949
java.lang.StringIndexOutOfBoundsException 950
java.lang.SuppressWarnings 951
java.lang.System 952
java.lang.System$1 953
java.lang.System$2 954
java.lang.SystemClassLoaderAction 955
java.lang.Terminator 956
java.lang.Terminator$1 957
java.lang.Thread 958
java.lang.Thread$1 959
java.lang.Thread$State 960
java.lang.Thread$UncaughtExceptionHandler 961
java.lang.ThreadDeath 962
java.lang.ThreadGroup 963
java.lang.ThreadLocal 964
java.lang.ThreadLocal$1 965
java.lang.ThreadLocal$ThreadLocalMap 966
java.lang.ThreadLocal$ThreadLocalMap$Entry 967
java.lang.Throwable 968
java.lang.TypeNotPresentException 969
java.lang.UnknownError 970
java.lang.UnsatisfiedLinkError 971
java.lang.UnsupportedClassVersionError 972
java.lang.UnsupportedOperationException 973
java.lang.VerifyError 974
java.lang.VirtualMachineError 975
java.lang.Void 976
java.lang.annotation.Annotation 977
java.lang.annotation.AnnotationFormatError 978
java.lang.annotation.AnnotationTypeMismatchException 979
java.lang.annotation.Documented 980
java.lang.annotation.ElementType 981
java.lang.annotation.IncompleteAnnotationException 982
java.lang.annotation.Inherited 983
java.lang.annotation.Retention 984
java.lang.annotation.RetentionPolicy 985
java.lang.annotation.Target 986
java.lang.instrument.ClassDefinition 987
java.lang.instrument.ClassFileTransformer 988
java.lang.instrument.IllegalClassFormatException 989
java.lang.instrument.Instrumentation 990
java.lang.instrument.UnmodifiableClassException 991
java.lang.management.ClassLoadingMXBean 992
java.lang.management.CompilationMXBean 993
java.lang.management.GarbageCollectorMXBean 994
java.lang.management.LockInfo 995
java.lang.management.ManagementFactory 996
java.lang.management.ManagementFactory$1 997
java.lang.management.ManagementPermission 998
java.lang.management.MemoryMXBean 999
java.lang.management.MemoryManagerMXBean 1000
java.lang.management.MemoryNotificationInfo 1001
java.lang.management.MemoryPoolMXBean 1002
java.lang.management.MemoryType 1003
java.lang.management.MemoryUsage 1004
java.lang.management.MonitorInfo 1005
java.lang.management.OperatingSystemMXBean 1006
java.lang.management.RuntimeMXBean 1007
java.lang.management.ThreadInfo 1008
java.lang.management.ThreadInfo$1 1009
java.lang.management.ThreadMXBean 1010
java.lang.ref.FinalReference 1011
java.lang.ref.Finalizer 1012
java.lang.ref.Finalizer$1 1013
java.lang.ref.Finalizer$2 1014
java.lang.ref.Finalizer$3 1015
java.lang.ref.Finalizer$FinalizerThread 1016
java.lang.ref.PhantomReference 1017
java.lang.ref.Reference 1018
java.lang.ref.Reference$1 1019
java.lang.ref.Reference$Lock 1020
java.lang.ref.Reference$ReferenceHandler 1021
java.lang.ref.ReferenceQueue 1022
java.lang.ref.ReferenceQueue$1 1023
java.lang.ref.ReferenceQueue$Lock 1024
java.lang.ref.ReferenceQueue$Null 1025
java.lang.ref.SoftReference 1026
java.lang.ref.WeakReference 1027
java.lang.reflect.AccessibleObject 1028
java.lang.reflect.AnnotatedElement 1029
java.lang.reflect.Array 1030
java.lang.reflect.Constructor 1031
java.lang.reflect.Field 1032
java.lang.reflect.GenericArrayType 1033
java.lang.reflect.GenericDeclaration 1034
java.lang.reflect.GenericSignatureFormatError 1035
java.lang.reflect.InvocationHandler 1036
java.lang.reflect.InvocationTargetException 1037
java.lang.reflect.MalformedParameterizedTypeException 1038
java.lang.reflect.Member 1039
java.lang.reflect.Method 1040
java.lang.reflect.Modifier 1041
java.lang.reflect.ParameterizedType 1042
java.lang.reflect.Proxy 1043
java.lang.reflect.ReflectAccess 1044
java.lang.reflect.ReflectPermission 1045
java.lang.reflect.Type 1046
java.lang.reflect.TypeVariable 1047
java.lang.reflect.UndeclaredThrowableException 1048
java.lang.reflect.WildcardType 1049
java.math.BigDecimal 1050
java.math.BigInteger 1051
java.math.BitSieve 1052
java.math.MathContext 1053
java.math.MutableBigInteger 1054
java.math.RoundingMode 1055
java.math.SignedMutableBigInteger 1056
java.net.Authenticator 1057
java.net.Authenticator$RequestorType 1058
java.net.BindException 1059
java.net.CacheRequest 1060
java.net.CacheResponse 1061
java.net.ConnectException 1062
java.net.ContentHandler 1063
java.net.ContentHandlerFactory 1064
java.net.CookieHandler 1065
java.net.CookieManager 1066
java.net.CookieManager$CookiePathComparator 1067
java.net.CookiePolicy 1068
java.net.CookiePolicy$1 1069
java.net.CookiePolicy$2 1070
java.net.CookiePolicy$3 1071
java.net.CookieStore 1072
java.net.DatagramPacket 1073
java.net.DatagramSocket 1074
java.net.DatagramSocket$1 1075
java.net.DatagramSocketImpl 1076
java.net.DatagramSocketImplFactory 1077
java.net.FactoryURLClassLoader 1078
java.net.FileNameMap 1079
java.net.HttpCookie 1080
java.net.HttpCookie$1 1081
java.net.HttpCookie$10 1082
java.net.HttpCookie$2 1083
java.net.HttpCookie$3 1084
java.net.HttpCookie$4 1085
java.net.HttpCookie$5 1086
java.net.HttpCookie$6 1087
java.net.HttpCookie$7 1088
java.net.HttpCookie$8 1089
java.net.HttpCookie$9 1090
java.net.HttpCookie$CookieAttributeAssignor 1091
java.net.HttpRetryException 1092
java.net.HttpURLConnection 1093
java.net.IDN 1094
java.net.IDN$1 1095
java.net.Inet4Address 1096
java.net.Inet4AddressImpl 1097
java.net.Inet6Address 1098
java.net.Inet6AddressImpl 1099
java.net.InetAddress 1100
java.net.InetAddress$1 1101
java.net.InetAddress$2 1102
java.net.InetAddress$Cache 1103
java.net.InetAddress$Cache$Type 1104
java.net.InetAddress$CacheEntry 1105
java.net.InetAddressContainer 1106
java.net.InetAddressImpl 1107
java.net.InetAddressImplFactory 1108
java.net.InetSocketAddress 1109
java.net.InterfaceAddress 1110
java.net.JarURLConnection 1111
java.net.MalformedURLException 1112
java.net.MulticastSocket 1113
java.net.NetPermission 1114
java.net.NetworkInterface 1115
java.net.NetworkInterface$1 1116
java.net.NetworkInterface$1checkedAddresses 1117
java.net.NetworkInterface$1subIFs 1118
java.net.NoRouteToHostException 1119
java.net.Parts 1120
java.net.PasswordAuthentication 1121
java.net.PlainDatagramSocketImpl 1122
java.net.PlainSocketImpl 1123
java.net.PortUnreachableException 1124
java.net.ProtocolException 1125
java.net.Proxy 1126
java.net.Proxy$Type 1127
java.net.ProxySelector 1128
java.net.ResponseCache 1129
java.net.SecureCacheResponse 1130
java.net.ServerSocket 1131
java.net.ServerSocket$1 1132
java.net.Socket 1133
java.net.Socket$1 1134
java.net.Socket$2 1135
java.net.Socket$3 1136
java.net.SocketAddress 1137
java.net.SocketException 1138
java.net.SocketImpl 1139
java.net.SocketImplFactory 1140
java.net.SocketInputStream 1141
java.net.SocketOptions 1142
java.net.SocketOutputStream 1143
java.net.SocketPermission 1144
java.net.SocketPermissionCollection 1145
java.net.SocketTimeoutException 1146
java.net.SocksConsts 1147
java.net.SocksSocketImpl 1148
java.net.SocksSocketImpl$1 1149
java.net.SocksSocketImpl$2 1150
java.net.SocksSocketImpl$3 1151
java.net.SocksSocketImpl$4 1152
java.net.SocksSocketImpl$5 1153
java.net.SocksSocketImpl$6 1154
java.net.SocksSocketImpl$7 1155
java.net.SocksSocketImpl$8 1156
java.net.URI 1157
java.net.URI$Parser 1158
java.net.URISyntaxException 1159
java.net.URL 1160
java.net.URLClassLoader 1161
java.net.URLClassLoader$1 1162
java.net.URLClassLoader$2 1163
java.net.URLClassLoader$3 1164
java.net.URLClassLoader$3$1 1165
java.net.URLClassLoader$4 1166
java.net.URLClassLoader$5 1167
java.net.URLClassLoader$6 1168
java.net.URLClassLoader$7 1169
java.net.URLConnection 1170
java.net.URLConnection$1 1171
java.net.URLDecoder 1172
java.net.URLEncoder 1173
java.net.URLStreamHandler 1174
java.net.URLStreamHandlerFactory 1175
java.net.UnknownContentHandler 1176
java.net.UnknownHostException 1177
java.net.UnknownServiceException 1178
java.nio.Bits 1179
java.nio.Buffer 1180
java.nio.BufferOverflowException 1181
java.nio.BufferUnderflowException 1182
java.nio.ByteBuffer 1183
java.nio.ByteBufferAsCharBufferB 1184
java.nio.ByteBufferAsCharBufferL 1185
java.nio.ByteBufferAsCharBufferRB 1186
java.nio.ByteBufferAsCharBufferRL 1187
java.nio.ByteBufferAsDoubleBufferB 1188
java.nio.ByteBufferAsDoubleBufferL 1189
java.nio.ByteBufferAsDoubleBufferRB 1190
java.nio.ByteBufferAsDoubleBufferRL 1191
java.nio.ByteBufferAsFloatBufferB 1192
java.nio.ByteBufferAsFloatBufferL 1193
java.nio.ByteBufferAsFloatBufferRB 1194
java.nio.ByteBufferAsFloatBufferRL 1195
java.nio.ByteBufferAsIntBufferB 1196
java.nio.ByteBufferAsIntBufferL 1197
java.nio.ByteBufferAsIntBufferRB 1198
java.nio.ByteBufferAsIntBufferRL 1199
java.nio.ByteBufferAsLongBufferB 1200
java.nio.ByteBufferAsLongBufferL 1201
java.nio.ByteBufferAsLongBufferRB 1202
java.nio.ByteBufferAsLongBufferRL 1203
java.nio.ByteBufferAsShortBufferB 1204
java.nio.ByteBufferAsShortBufferL 1205
java.nio.ByteBufferAsShortBufferRB 1206
java.nio.ByteBufferAsShortBufferRL 1207
java.nio.ByteOrder 1208
java.nio.CharBuffer 1209
java.nio.DirectByteBuffer 1210
java.nio.DirectByteBuffer$1 1211
java.nio.DirectByteBuffer$Deallocator 1212
java.nio.DirectByteBufferR 1213
java.nio.DirectCharBufferRS 1214
java.nio.DirectCharBufferRU 1215
java.nio.DirectCharBufferS 1216
java.nio.DirectCharBufferU 1217
java.nio.DirectDoubleBufferRS 1218
java.nio.DirectDoubleBufferRU 1219
java.nio.DirectDoubleBufferS 1220
java.nio.DirectDoubleBufferU 1221
java.nio.DirectFloatBufferRS 1222
java.nio.DirectFloatBufferRU 1223
java.nio.DirectFloatBufferS 1224
java.nio.DirectFloatBufferU 1225
java.nio.DirectIntBufferRS 1226
java.nio.DirectIntBufferRU 1227
java.nio.DirectIntBufferS 1228
java.nio.DirectIntBufferU 1229
java.nio.DirectLongBufferRS 1230
java.nio.DirectLongBufferRU 1231
java.nio.DirectLongBufferS 1232
java.nio.DirectLongBufferU 1233
java.nio.DirectShortBufferRS 1234
java.nio.DirectShortBufferRU 1235
java.nio.DirectShortBufferS 1236
java.nio.DirectShortBufferU 1237
java.nio.DoubleBuffer 1238
java.nio.FloatBuffer 1239
java.nio.HeapByteBuffer 1240
java.nio.HeapByteBufferR 1241
java.nio.HeapCharBuffer 1242
java.nio.HeapCharBufferR 1243
java.nio.HeapDoubleBuffer 1244
java.nio.HeapDoubleBufferR 1245
java.nio.HeapFloatBuffer 1246
java.nio.HeapFloatBufferR 1247
java.nio.HeapIntBuffer 1248
java.nio.HeapIntBufferR 1249
java.nio.HeapLongBuffer 1250
java.nio.HeapLongBufferR 1251
java.nio.HeapShortBuffer 1252
java.nio.HeapShortBufferR 1253
java.nio.IntBuffer 1254
java.nio.InvalidMarkException 1255
java.nio.LongBuffer 1256
java.nio.MappedByteBuffer 1257
java.nio.ReadOnlyBufferException 1258
java.nio.ShortBuffer 1259
java.nio.StringCharBuffer 1260
java.nio.channels.AlreadyConnectedException 1261
java.nio.channels.AsynchronousCloseException 1262
java.nio.channels.ByteChannel 1263
java.nio.channels.CancelledKeyException 1264
java.nio.channels.Channel 1265
java.nio.channels.Channels 1266
java.nio.channels.Channels$1 1267
java.nio.channels.Channels$ReadableByteChannelImpl 1268
java.nio.channels.Channels$WritableByteChannelImpl 1269
java.nio.channels.ClosedByInterruptException 1270
java.nio.channels.ClosedChannelException 1271
java.nio.channels.ClosedSelectorException 1272
java.nio.channels.ConnectionPendingException 1273
java.nio.channels.DatagramChannel 1274
java.nio.channels.FileChannel 1275
java.nio.channels.FileChannel$MapMode 1276
java.nio.channels.FileLock 1277
java.nio.channels.FileLockInterruptionException 1278
java.nio.channels.GatheringByteChannel 1279
java.nio.channels.IllegalBlockingModeException 1280
java.nio.channels.IllegalSelectorException 1281
java.nio.channels.InterruptibleChannel 1282
java.nio.channels.NoConnectionPendingException 1283
java.nio.channels.NonReadableChannelException 1284
java.nio.channels.NonWritableChannelException 1285
java.nio.channels.NotYetBoundException 1286
java.nio.channels.NotYetConnectedException 1287
java.nio.channels.OverlappingFileLockException 1288
java.nio.channels.Pipe 1289
java.nio.channels.Pipe$SinkChannel 1290
java.nio.channels.Pipe$SourceChannel 1291
java.nio.channels.ReadableByteChannel 1292
java.nio.channels.ScatteringByteChannel 1293
java.nio.channels.SelectableChannel 1294
java.nio.channels.SelectionKey 1295
java.nio.channels.Selector 1296
java.nio.channels.ServerSocketChannel 1297
java.nio.channels.SocketChannel 1298
java.nio.channels.UnresolvedAddressException 1299
java.nio.channels.UnsupportedAddressTypeException 1300
java.nio.channels.WritableByteChannel 1301
java.nio.channels.spi.AbstractInterruptibleChannel 1302
java.nio.channels.spi.AbstractInterruptibleChannel$1 1303
java.nio.channels.spi.AbstractSelectableChannel 1304
java.nio.channels.spi.AbstractSelectionKey 1305
java.nio.channels.spi.AbstractSelector 1306
java.nio.channels.spi.AbstractSelector$1 1307
java.nio.channels.spi.SelectorProvider 1308
java.nio.channels.spi.SelectorProvider$1 1309
java.nio.charset.CharacterCodingException 1310
java.nio.charset.Charset 1311
java.nio.charset.Charset$1 1312
java.nio.charset.Charset$2 1313
java.nio.charset.Charset$3 1314
java.nio.charset.Charset$4 1315
java.nio.charset.CharsetDecoder 1316
java.nio.charset.CharsetEncoder 1317
java.nio.charset.CoderMalfunctionError 1318
java.nio.charset.CoderResult 1319
java.nio.charset.CoderResult$1 1320
java.nio.charset.CoderResult$2 1321
java.nio.charset.CoderResult$Cache 1322
java.nio.charset.CodingErrorAction 1323
java.nio.charset.IllegalCharsetNameException 1324
java.nio.charset.MalformedInputException 1325
java.nio.charset.UnmappableCharacterException 1326
java.nio.charset.UnsupportedCharsetException 1327
java.nio.charset.spi.CharsetProvider 1328
java.rmi.AccessException 1329
java.rmi.AlreadyBoundException 1330
java.rmi.ConnectException 1331
java.rmi.ConnectIOException 1332
java.rmi.MarshalException 1333
java.rmi.MarshalledObject 1334
java.rmi.MarshalledObject$MarshalledObjectInputStream 1335
java.rmi.MarshalledObject$MarshalledObjectOutputStream 1336
java.rmi.Naming 1337
java.rmi.Naming$ParsedNamingURL 1338
java.rmi.NoSuchObjectException 1339
java.rmi.NotBoundException 1340
java.rmi.RMISecurityException 1341
java.rmi.RMISecurityManager 1342
java.rmi.Remote 1343
java.rmi.RemoteException 1344
java.rmi.ServerError 1345
java.rmi.ServerException 1346
java.rmi.ServerRuntimeException 1347
java.rmi.StubNotFoundException 1348
java.rmi.UnexpectedException 1349
java.rmi.UnknownHostException 1350
java.rmi.UnmarshalException 1351
java.rmi.activation.Activatable 1352
java.rmi.activation.ActivateFailedException 1353
java.rmi.activation.ActivationDesc 1354
java.rmi.activation.ActivationException 1355
java.rmi.activation.ActivationGroup 1356
java.rmi.activation.ActivationGroupDesc 1357
java.rmi.activation.ActivationGroupDesc$CommandEnvironment 1358
java.rmi.activation.ActivationGroupID 1359
java.rmi.activation.ActivationGroup_Stub 1360
java.rmi.activation.ActivationID 1361
java.rmi.activation.ActivationInstantiator 1362
java.rmi.activation.ActivationMonitor 1363
java.rmi.activation.ActivationSystem 1364
java.rmi.activation.Activator 1365
java.rmi.activation.UnknownGroupException 1366
java.rmi.activation.UnknownObjectException 1367
java.rmi.dgc.DGC 1368
java.rmi.dgc.Lease 1369
java.rmi.dgc.VMID 1370
java.rmi.dgc.VMID$1 1371
java.rmi.registry.LocateRegistry 1372
java.rmi.registry.Registry 1373
java.rmi.registry.RegistryHandler 1374
java.rmi.server.ExportException 1375
java.rmi.server.LoaderHandler 1376
java.rmi.server.LogStream 1377
java.rmi.server.ObjID 1378
java.rmi.server.Operation 1379
java.rmi.server.RMIClassLoader 1380
java.rmi.server.RMIClassLoader$1 1381
java.rmi.server.RMIClassLoader$2 1382
java.rmi.server.RMIClassLoaderSpi 1383
java.rmi.server.RMIClientSocketFactory 1384
java.rmi.server.RMIFailureHandler 1385
java.rmi.server.RMIServerSocketFactory 1386
java.rmi.server.RMISocketFactory 1387
java.rmi.server.RemoteCall 1388
java.rmi.server.RemoteObject 1389
java.rmi.server.RemoteObjectInvocationHandler 1390
java.rmi.server.RemoteObjectInvocationHandler$MethodToHash_Maps 1391
java.rmi.server.RemoteObjectInvocationHandler$MethodToHash_Maps$1 1392
java.rmi.server.RemoteRef 1393
java.rmi.server.RemoteServer 1394
java.rmi.server.RemoteStub 1395
java.rmi.server.ServerCloneException 1396
java.rmi.server.ServerNotActiveException 1397
java.rmi.server.ServerRef 1398
java.rmi.server.Skeleton 1399
java.rmi.server.SkeletonMismatchException 1400
java.rmi.server.SkeletonNotFoundException 1401
java.rmi.server.SocketSecurityException 1402
java.rmi.server.UID 1403
java.rmi.server.UnicastRemoteObject 1404
java.rmi.server.Unreferenced 1405
java.security.AccessControlContext 1406
java.security.AccessControlContext$1 1407
java.security.AccessControlException 1408
java.security.AccessController 1409
java.security.AccessController$1 1410
java.security.AlgorithmParameterGenerator 1411
java.security.AlgorithmParameterGeneratorSpi 1412
java.security.AlgorithmParameters 1413
java.security.AlgorithmParametersSpi 1414
java.security.AllPermission 1415
java.security.AllPermissionCollection 1416
java.security.AllPermissionCollection$1 1417
java.security.AuthProvider 1418
java.security.BasicPermission 1419
java.security.BasicPermissionCollection 1420
java.security.Certificate 1421
java.security.CodeSigner 1422
java.security.CodeSource 1423
java.security.DigestException 1424
java.security.DigestInputStream 1425
java.security.DigestOutputStream 1426
java.security.DomainCombiner 1427
java.security.GeneralSecurityException 1428
java.security.Guard 1429
java.security.GuardedObject 1430
java.security.Identity 1431
java.security.IdentityScope 1432
java.security.IdentityScope$1 1433
java.security.InvalidAlgorithmParameterException 1434
java.security.InvalidKeyException 1435
java.security.InvalidParameterException 1436
java.security.Key 1437
java.security.KeyException 1438
java.security.KeyFactory 1439
java.security.KeyFactorySpi 1440
java.security.KeyManagementException 1441
java.security.KeyPair 1442
java.security.KeyPairGenerator 1443
java.security.KeyPairGenerator$Delegate 1444
java.security.KeyPairGeneratorSpi 1445
java.security.KeyRep 1446
java.security.KeyRep$Type 1447
java.security.KeyStore 1448
java.security.KeyStore$1 1449
java.security.KeyStore$Builder 1450
java.security.KeyStore$Builder$1 1451
java.security.KeyStore$Builder$2 1452
java.security.KeyStore$Builder$2$1 1453
java.security.KeyStore$Builder$FileBuilder 1454
java.security.KeyStore$Builder$FileBuilder$1 1455
java.security.KeyStore$CallbackHandlerProtection 1456
java.security.KeyStore$Entry 1457
java.security.KeyStore$LoadStoreParameter 1458
java.security.KeyStore$PasswordProtection 1459
java.security.KeyStore$PrivateKeyEntry 1460
java.security.KeyStore$ProtectionParameter 1461
java.security.KeyStore$SecretKeyEntry 1462
java.security.KeyStore$SimpleLoadStoreParameter 1463
java.security.KeyStore$TrustedCertificateEntry 1464
java.security.KeyStoreException 1465
java.security.KeyStoreSpi 1466
java.security.MessageDigest 1467
java.security.MessageDigest$Delegate 1468
java.security.MessageDigestSpi 1469
java.security.NoSuchAlgorithmException 1470
java.security.NoSuchProviderException 1471
java.security.Permission 1472
java.security.PermissionCollection 1473
java.security.Permissions 1474
java.security.PermissionsEnumerator 1475
java.security.PermissionsHash 1476
java.security.Policy 1477
java.security.Policy$1 1478
java.security.Policy$2 1479
java.security.Policy$3 1480
java.security.Policy$Parameters 1481
java.security.Policy$PolicyDelegate 1482
java.security.Policy$UnsupportedEmptyCollection 1483
java.security.PolicySpi 1484
java.security.Principal 1485
java.security.PrivateKey 1486
java.security.PrivilegedAction 1487
java.security.PrivilegedActionException 1488
java.security.PrivilegedExceptionAction 1489
java.security.ProtectionDomain 1490
java.security.ProtectionDomain$1 1491
java.security.Provider 1492
java.security.Provider$1 1493
java.security.Provider$EngineDescription 1494
java.security.Provider$Service 1495
java.security.Provider$ServiceKey 1496
java.security.Provider$UString 1497
java.security.ProviderException 1498
java.security.PublicKey 1499
java.security.SecureClassLoader 1500
java.security.SecureRandom 1501
java.security.SecureRandomSpi 1502
java.security.Security 1503
java.security.Security$1 1504
java.security.Security$2 1505
java.security.Security$ProviderProperty 1506
java.security.SecurityPermission 1507
java.security.Signature 1508
java.security.Signature$CipherAdapter 1509
java.security.Signature$Delegate 1510
java.security.SignatureException 1511
java.security.SignatureSpi 1512
java.security.SignedObject 1513
java.security.Signer 1514
java.security.Signer$1 1515
java.security.Timestamp 1516
java.security.URIParameter 1517
java.security.UnrecoverableEntryException 1518
java.security.UnrecoverableKeyException 1519
java.security.UnresolvedPermission 1520
java.security.UnresolvedPermissionCollection 1521
java.security.acl.Acl 1522
java.security.acl.AclEntry 1523
java.security.acl.AclNotFoundException 1524
java.security.acl.Group 1525
java.security.acl.LastOwnerException 1526
java.security.acl.NotOwnerException 1527
java.security.acl.Owner 1528
java.security.acl.Permission 1529
java.security.cert.CRL 1530
java.security.cert.CRLException 1531
java.security.cert.CRLSelector 1532
java.security.cert.CertPath 1533
java.security.cert.CertPath$CertPathRep 1534
java.security.cert.CertPathBuilder 1535
java.security.cert.CertPathBuilder$1 1536
java.security.cert.CertPathBuilderException 1537
java.security.cert.CertPathBuilderResult 1538
java.security.cert.CertPathBuilderSpi 1539
java.security.cert.CertPathHelperImpl 1540
java.security.cert.CertPathParameters 1541
java.security.cert.CertPathValidator 1542
java.security.cert.CertPathValidator$1 1543
java.security.cert.CertPathValidatorException 1544
java.security.cert.CertPathValidatorResult 1545
java.security.cert.CertPathValidatorSpi 1546
java.security.cert.CertSelector 1547
java.security.cert.CertStore 1548
java.security.cert.CertStore$1 1549
java.security.cert.CertStoreException 1550
java.security.cert.CertStoreParameters 1551
java.security.cert.CertStoreSpi 1552
java.security.cert.Certificate 1553
java.security.cert.Certificate$CertificateRep 1554
java.security.cert.CertificateEncodingException 1555
java.security.cert.CertificateException 1556
java.security.cert.CertificateExpiredException 1557
java.security.cert.CertificateFactory 1558
java.security.cert.CertificateFactorySpi 1559
java.security.cert.CertificateNotYetValidException 1560
java.security.cert.CertificateParsingException 1561
java.security.cert.CollectionCertStoreParameters 1562
java.security.cert.LDAPCertStoreParameters 1563
java.security.cert.PKIXBuilderParameters 1564
java.security.cert.PKIXCertPathBuilderResult 1565
java.security.cert.PKIXCertPathChecker 1566
java.security.cert.PKIXCertPathValidatorResult 1567
java.security.cert.PKIXParameters 1568
java.security.cert.PolicyNode 1569
java.security.cert.PolicyQualifierInfo 1570
java.security.cert.TrustAnchor 1571
java.security.cert.X509CRL 1572
java.security.cert.X509CRLEntry 1573
java.security.cert.X509CRLSelector 1574
java.security.cert.X509CertSelector 1575
java.security.cert.X509Certificate 1576
java.security.cert.X509Extension 1577
java.security.interfaces.DSAKey 1578
java.security.interfaces.DSAKeyPairGenerator 1579
java.security.interfaces.DSAParams 1580
java.security.interfaces.DSAPrivateKey 1581
java.security.interfaces.DSAPublicKey 1582
java.security.interfaces.ECKey 1583
java.security.interfaces.ECPrivateKey 1584
java.security.interfaces.ECPublicKey 1585
java.security.interfaces.RSAKey 1586
java.security.interfaces.RSAMultiPrimePrivateCrtKey 1587
java.security.interfaces.RSAPrivateCrtKey 1588
java.security.interfaces.RSAPrivateKey 1589
java.security.interfaces.RSAPublicKey 1590
java.security.spec.AlgorithmParameterSpec 1591
java.security.spec.DSAParameterSpec 1592
java.security.spec.DSAPrivateKeySpec 1593
java.security.spec.DSAPublicKeySpec 1594
java.security.spec.ECField 1595
java.security.spec.ECFieldF2m 1596
java.security.spec.ECFieldFp 1597
java.security.spec.ECGenParameterSpec 1598
java.security.spec.ECParameterSpec 1599
java.security.spec.ECPoint 1600
java.security.spec.ECPrivateKeySpec 1601
java.security.spec.ECPublicKeySpec 1602
java.security.spec.EllipticCurve 1603
java.security.spec.EncodedKeySpec 1604
java.security.spec.InvalidKeySpecException 1605
java.security.spec.InvalidParameterSpecException 1606
java.security.spec.KeySpec 1607
java.security.spec.MGF1ParameterSpec 1608
java.security.spec.PKCS8EncodedKeySpec 1609
java.security.spec.PSSParameterSpec 1610
java.security.spec.RSAKeyGenParameterSpec 1611
java.security.spec.RSAMultiPrimePrivateCrtKeySpec 1612
java.security.spec.RSAOtherPrimeInfo 1613
java.security.spec.RSAPrivateCrtKeySpec 1614
java.security.spec.RSAPrivateKeySpec 1615
java.security.spec.RSAPublicKeySpec 1616
java.security.spec.X509EncodedKeySpec 1617
java.sql.Array 1618
java.sql.BatchUpdateException 1619
java.sql.Blob 1620
java.sql.CallableStatement 1621
java.sql.ClientInfoStatus 1622
java.sql.Clob 1623
java.sql.Connection 1624
java.sql.DataTruncation 1625
java.sql.DatabaseMetaData 1626
java.sql.Date 1627
java.sql.Driver 1628
java.sql.DriverInfo 1629
java.sql.DriverManager 1630
java.sql.DriverPropertyInfo 1631
java.sql.DriverService 1632
java.sql.NClob 1633
java.sql.ParameterMetaData 1634
java.sql.PreparedStatement 1635
java.sql.Ref 1636
java.sql.ResultSet 1637
java.sql.ResultSetMetaData 1638
java.sql.RowId 1639
java.sql.RowIdLifetime 1640
java.sql.SQLClientInfoException 1641
java.sql.SQLData 1642
java.sql.SQLDataException 1643
java.sql.SQLException 1644
java.sql.SQLException$1 1645
java.sql.SQLFeatureNotSupportedException 1646
java.sql.SQLInput 1647
java.sql.SQLIntegrityConstraintViolationException 1648
java.sql.SQLInvalidAuthorizationSpecException 1649
java.sql.SQLNonTransientConnectionException 1650
java.sql.SQLNonTransientException 1651
java.sql.SQLOutput 1652
java.sql.SQLPermission 1653
java.sql.SQLRecoverableException 1654
java.sql.SQLSyntaxErrorException 1655
java.sql.SQLTimeoutException 1656
java.sql.SQLTransactionRollbackException 1657
java.sql.SQLTransientConnectionException 1658
java.sql.SQLTransientException 1659
java.sql.SQLWarning 1660
java.sql.SQLXML 1661
java.sql.Savepoint 1662
java.sql.Statement 1663
java.sql.Struct 1664
java.sql.Time 1665
java.sql.Timestamp 1666
java.sql.Types 1667
java.sql.Wrapper 1668
java.text.Annotation 1669
java.text.AttributeEntry 1670
java.text.AttributedCharacterIterator 1671
java.text.AttributedCharacterIterator$Attribute 1672
java.text.AttributedString 1673
java.text.AttributedString$AttributeMap 1674
java.text.AttributedString$AttributedStringIterator 1675
java.text.Bidi 1676
java.text.BreakDictionary 1677
java.text.BreakDictionary$1 1678
java.text.BreakIterator 1679
java.text.BreakIterator$1 1680
java.text.BreakIterator$BreakIteratorCache 1681
java.text.BreakIterator$BreakIteratorGetter 1682
java.text.CharacterIterator 1683
java.text.CharacterIteratorFieldDelegate 1684
java.text.ChoiceFormat 1685
java.text.CollationElementIterator 1686
java.text.CollationKey 1687
java.text.CollationRules 1688
java.text.Collator 1689
java.text.Collator$CollatorGetter 1690
java.text.DateFormat 1691
java.text.DateFormat$DateFormatGetter 1692
java.text.DateFormat$Field 1693
java.text.DateFormatSymbols 1694
java.text.DateFormatSymbols$DateFormatSymbolsGetter 1695
java.text.DecimalFormat 1696
java.text.DecimalFormatSymbols 1697
java.text.DecimalFormatSymbols$DecimalFormatSymbolsGetter 1698
java.text.DictionaryBasedBreakIterator 1699
java.text.DigitList 1700
java.text.DigitList$1 1701
java.text.DontCareFieldPosition 1702
java.text.DontCareFieldPosition$1 1703
java.text.EntryPair 1704
java.text.FieldPosition 1705
java.text.FieldPosition$1 1706
java.text.FieldPosition$Delegate 1707
java.text.Format 1708
java.text.Format$Field 1709
java.text.Format$FieldDelegate 1710
java.text.MergeCollation 1711
java.text.MessageFormat 1712
java.text.MessageFormat$Field 1713
java.text.Normalizer 1714
java.text.Normalizer$Form 1715
java.text.NumberFormat 1716
java.text.NumberFormat$Field 1717
java.text.NumberFormat$NumberFormatGetter 1718
java.text.ParseException 1719
java.text.ParsePosition 1720
java.text.PatternEntry 1721
java.text.PatternEntry$Parser 1722
java.text.RBCollationTables 1723
java.text.RBCollationTables$1 1724
java.text.RBCollationTables$BuildAPI 1725
java.text.RBTableBuilder 1726
java.text.RuleBasedBreakIterator 1727
java.text.RuleBasedBreakIterator$1 1728
java.text.RuleBasedBreakIterator$SafeCharIterator 1729
java.text.RuleBasedCollationKey 1730
java.text.RuleBasedCollator 1731
java.text.SimpleDateFormat 1732
java.text.StringCharacterIterator 1733
java.text.spi.BreakIteratorProvider 1734
java.text.spi.CollatorProvider 1735
java.text.spi.DateFormatProvider 1736
java.text.spi.DateFormatSymbolsProvider 1737
java.text.spi.DecimalFormatSymbolsProvider 1738
java.text.spi.NumberFormatProvider 1739
java.util.AbstractCollection 1740
java.util.AbstractList 1741
java.util.AbstractList$1 1742
java.util.AbstractList$Itr 1743
java.util.AbstractList$ListItr 1744
java.util.AbstractMap 1745
java.util.AbstractMap$1 1746
java.util.AbstractMap$1$1 1747
java.util.AbstractMap$2 1748
java.util.AbstractMap$2$1 1749
java.util.AbstractMap$SimpleEntry 1750
java.util.AbstractMap$SimpleImmutableEntry 1751
java.util.AbstractQueue 1752
java.util.AbstractSequentialList 1753
java.util.AbstractSet 1754
java.util.ArrayDeque 1755
java.util.ArrayDeque$1 1756
java.util.ArrayDeque$DeqIterator 1757
java.util.ArrayDeque$DescendingIterator 1758
java.util.ArrayList 1759
java.util.Arrays 1760
java.util.Arrays$ArrayList 1761
java.util.BitSet 1762
java.util.Calendar 1763
java.util.Calendar$1 1764
java.util.Collection 1765
java.util.Collections 1766
java.util.Collections$1 1767
java.util.Collections$AsLIFOQueue 1768
java.util.Collections$CheckedCollection 1769
java.util.Collections$CheckedCollection$1 1770
java.util.Collections$CheckedList 1771
java.util.Collections$CheckedList$1 1772
java.util.Collections$CheckedMap 1773
java.util.Collections$CheckedMap$CheckedEntrySet 1774
java.util.Collections$CheckedMap$CheckedEntrySet$1 1775
java.util.Collections$CheckedMap$CheckedEntrySet$CheckedEntry 1776
java.util.Collections$CheckedRandomAccessList 1777
java.util.Collections$CheckedSet 1778
java.util.Collections$CheckedSortedMap 1779
java.util.Collections$CheckedSortedSet 1780
java.util.Collections$CopiesList 1781
java.util.Collections$EmptyList 1782
java.util.Collections$EmptyMap 1783
java.util.Collections$EmptySet 1784
java.util.Collections$EmptySet$1 1785
java.util.Collections$ReverseComparator 1786
java.util.Collections$ReverseComparator2 1787
java.util.Collections$SelfComparable 1788
java.util.Collections$SetFromMap 1789
java.util.Collections$SingletonList 1790
java.util.Collections$SingletonMap 1791
java.util.Collections$SingletonSet 1792
java.util.Collections$SingletonSet$1 1793
java.util.Collections$SynchronizedCollection 1794
java.util.Collections$SynchronizedList 1795
java.util.Collections$SynchronizedMap 1796
java.util.Collections$SynchronizedRandomAccessList 1797
java.util.Collections$SynchronizedSet 1798
java.util.Collections$SynchronizedSortedMap 1799
java.util.Collections$SynchronizedSortedSet 1800
java.util.Collections$UnmodifiableCollection 1801
java.util.Collections$UnmodifiableCollection$1 1802
java.util.Collections$UnmodifiableList 1803
java.util.Collections$UnmodifiableList$1 1804
java.util.Collections$UnmodifiableMap 1805
java.util.Collections$UnmodifiableMap$UnmodifiableEntrySet 1806
java.util.Collections$UnmodifiableMap$UnmodifiableEntrySet$1 1807
java.util.Collections$UnmodifiableMap$UnmodifiableEntrySet$UnmodifiableEntry 1808
java.util.Collections$UnmodifiableRandomAccessList 1809
java.util.Collections$UnmodifiableSet 1810
java.util.Collections$UnmodifiableSortedMap 1811
java.util.Collections$UnmodifiableSortedSet 1812
java.util.Comparator 1813
java.util.ConcurrentModificationException 1814
java.util.Currency 1815
java.util.Currency$1 1816
java.util.Currency$CurrencyNameGetter 1817
java.util.CurrencyData 1818
java.util.Date 1819
java.util.Deque 1820
java.util.Dictionary 1821
java.util.DuplicateFormatFlagsException 1822
java.util.EmptyStackException 1823
java.util.EnumMap 1824
java.util.EnumMap$1 1825
java.util.EnumMap$EntryIterator 1826
java.util.EnumMap$EntrySet 1827
java.util.EnumMap$EnumMapIterator 1828
java.util.EnumMap$KeyIterator 1829
java.util.EnumMap$KeySet 1830
java.util.EnumMap$ValueIterator 1831
java.util.EnumMap$Values 1832
java.util.EnumSet 1833
java.util.EnumSet$SerializationProxy 1834
java.util.Enumeration 1835
java.util.EventListener 1836
java.util.EventListenerProxy 1837
java.util.EventObject 1838
java.util.FormatFlagsConversionMismatchException 1839
java.util.Formattable 1840
java.util.FormattableFlags 1841
java.util.Formatter 1842
java.util.Formatter$BigDecimalLayoutForm 1843
java.util.Formatter$Conversion 1844
java.util.Formatter$DateTime 1845
java.util.Formatter$FixedString 1846
java.util.Formatter$Flags 1847
java.util.Formatter$FormatSpecifier 1848
java.util.Formatter$FormatSpecifier$BigDecimalLayout 1849
java.util.Formatter$FormatString 1850
java.util.FormatterClosedException 1851
java.util.GregorianCalendar 1852
java.util.HashMap 1853
java.util.HashMap$1 1854
java.util.HashMap$Entry 1855
java.util.HashMap$EntryIterator 1856
java.util.HashMap$EntrySet 1857
java.util.HashMap$HashIterator 1858
java.util.HashMap$KeyIterator 1859
java.util.HashMap$KeySet 1860
java.util.HashMap$ValueIterator 1861
java.util.HashMap$Values 1862
java.util.HashSet 1863
java.util.Hashtable 1864
java.util.Hashtable$1 1865
java.util.Hashtable$EmptyEnumerator 1866
java.util.Hashtable$EmptyIterator 1867
java.util.Hashtable$Entry 1868
java.util.Hashtable$EntrySet 1869
java.util.Hashtable$Enumerator 1870
java.util.Hashtable$KeySet 1871
java.util.Hashtable$ValueCollection 1872
java.util.IdentityHashMap 1873
java.util.IdentityHashMap$1 1874
java.util.IdentityHashMap$EntryIterator 1875
java.util.IdentityHashMap$EntrySet 1876
java.util.IdentityHashMap$IdentityHashMapIterator 1877
java.util.IdentityHashMap$KeyIterator 1878
java.util.IdentityHashMap$KeySet 1879
java.util.IdentityHashMap$ValueIterator 1880
java.util.IdentityHashMap$Values 1881
java.util.IllegalFormatCodePointException 1882
java.util.IllegalFormatConversionException 1883
java.util.IllegalFormatException 1884
java.util.IllegalFormatFlagsException 1885
java.util.IllegalFormatPrecisionException 1886
java.util.IllegalFormatWidthException 1887
java.util.InputMismatchException 1888
java.util.InvalidPropertiesFormatException 1889
java.util.Iterator 1890
java.util.JapaneseImperialCalendar 1891
java.util.JumboEnumSet 1892
java.util.JumboEnumSet$EnumSetIterator 1893
java.util.LinkedHashMap 1894
java.util.LinkedHashMap$1 1895
java.util.LinkedHashMap$Entry 1896
java.util.LinkedHashMap$EntryIterator 1897
java.util.LinkedHashMap$KeyIterator 1898
java.util.LinkedHashMap$LinkedHashIterator 1899
java.util.LinkedHashMap$ValueIterator 1900
java.util.LinkedHashSet 1901
java.util.LinkedList 1902
java.util.LinkedList$1 1903
java.util.LinkedList$DescendingIterator 1904
java.util.LinkedList$Entry 1905
java.util.LinkedList$ListItr 1906
java.util.List 1907
java.util.ListIterator 1908
java.util.ListResourceBundle 1909
java.util.Locale 1910
java.util.Locale$LocaleNameGetter 1911
java.util.LocaleISOData 1912
java.util.Map 1913
java.util.Map$Entry 1914
java.util.MissingFormatArgumentException 1915
java.util.MissingFormatWidthException 1916
java.util.MissingResourceException 1917
java.util.NavigableMap 1918
java.util.NavigableSet 1919
java.util.NoSuchElementException 1920
java.util.Observable 1921
java.util.Observer 1922
java.util.PriorityQueue 1923
java.util.PriorityQueue$1 1924
java.util.PriorityQueue$Itr 1925
java.util.Properties 1926
java.util.Properties$LineReader 1927
java.util.PropertyPermission 1928
java.util.PropertyPermissionCollection 1929
java.util.PropertyResourceBundle 1930
java.util.Queue 1931
java.util.Random 1932
java.util.RandomAccess 1933
java.util.RandomAccessSubList 1934
java.util.RegularEnumSet 1935
java.util.RegularEnumSet$EnumSetIterator 1936
java.util.ResourceBundle 1937
java.util.ResourceBundle$1 1938
java.util.ResourceBundle$BundleReference 1939
java.util.ResourceBundle$CacheKey 1940
java.util.ResourceBundle$CacheKeyReference 1941
java.util.ResourceBundle$Control 1942
java.util.ResourceBundle$Control$1 1943
java.util.ResourceBundle$LoaderReference 1944
java.util.ResourceBundle$NoFallbackControl 1945
java.util.ResourceBundle$RBClassLoader 1946
java.util.ResourceBundle$RBClassLoader$1 1947
java.util.ResourceBundle$SingleFormatControl 1948
java.util.Scanner 1949
java.util.Scanner$1 1950
java.util.ServiceConfigurationError 1951
java.util.ServiceLoader 1952
java.util.ServiceLoader$1 1953
java.util.ServiceLoader$LazyIterator 1954
java.util.Set 1955
java.util.SimpleTimeZone 1956
java.util.SortedMap 1957
java.util.SortedSet 1958
java.util.Stack 1959
java.util.StringTokenizer 1960
java.util.SubList 1961
java.util.SubList$1 1962
java.util.TaskQueue 1963
java.util.TimeZone 1964
java.util.TimeZone$1 1965
java.util.TimeZone$DisplayNames 1966
java.util.Timer 1967
java.util.Timer$1 1968
java.util.TimerTask 1969
java.util.TimerThread 1970
java.util.TooManyListenersException 1971
java.util.TreeMap 1972
java.util.TreeMap$AscendingSubMap 1973
java.util.TreeMap$AscendingSubMap$AscendingEntrySetView 1974
java.util.TreeMap$DescendingKeyIterator 1975
java.util.TreeMap$DescendingSubMap 1976
java.util.TreeMap$DescendingSubMap$DescendingEntrySetView 1977
java.util.TreeMap$Entry 1978
java.util.TreeMap$EntryIterator 1979
java.util.TreeMap$EntrySet 1980
java.util.TreeMap$KeyIterator 1981
java.util.TreeMap$KeySet 1982
java.util.TreeMap$NavigableSubMap 1983
java.util.TreeMap$NavigableSubMap$DescendingSubMapEntryIterator 1984
java.util.TreeMap$NavigableSubMap$DescendingSubMapKeyIterator 1985
java.util.TreeMap$NavigableSubMap$EntrySetView 1986
java.util.TreeMap$NavigableSubMap$SubMapEntryIterator 1987
java.util.TreeMap$NavigableSubMap$SubMapIterator 1988
java.util.TreeMap$NavigableSubMap$SubMapKeyIterator 1989
java.util.TreeMap$PrivateEntryIterator 1990
java.util.TreeMap$SubMap 1991
java.util.TreeMap$ValueIterator 1992
java.util.TreeMap$Values 1993
java.util.TreeSet 1994
java.util.UUID 1995
java.util.UnknownFormatConversionException 1996
java.util.UnknownFormatFlagsException 1997
java.util.Vector 1998
java.util.Vector$1 1999
java.util.WeakHashMap 2000
java.util.WeakHashMap$1 2001
java.util.WeakHashMap$Entry 2002
java.util.WeakHashMap$EntryIterator 2003
java.util.WeakHashMap$EntrySet 2004
java.util.WeakHashMap$HashIterator 2005
java.util.WeakHashMap$KeyIterator 2006
java.util.WeakHashMap$KeySet 2007
java.util.WeakHashMap$ValueIterator 2008
java.util.WeakHashMap$Values 2009
java.util.XMLUtils 2010
java.util.XMLUtils$1 2011
java.util.XMLUtils$EH 2012
java.util.XMLUtils$Resolver 2013
java.util.concurrent.AbstractExecutorService 2014
java.util.concurrent.ArrayBlockingQueue 2015
java.util.concurrent.ArrayBlockingQueue$Itr 2016
java.util.concurrent.BlockingDeque 2017
java.util.concurrent.BlockingQueue 2018
java.util.concurrent.BrokenBarrierException 2019
java.util.concurrent.Callable 2020
java.util.concurrent.CancellationException 2021
java.util.concurrent.CompletionService 2022
java.util.concurrent.ConcurrentHashMap 2023
java.util.concurrent.ConcurrentHashMap$EntryIterator 2024
java.util.concurrent.ConcurrentHashMap$EntrySet 2025
java.util.concurrent.ConcurrentHashMap$HashEntry 2026
java.util.concurrent.ConcurrentHashMap$HashIterator 2027
java.util.concurrent.ConcurrentHashMap$KeyIterator 2028
java.util.concurrent.ConcurrentHashMap$KeySet 2029
java.util.concurrent.ConcurrentHashMap$Segment 2030
java.util.concurrent.ConcurrentHashMap$ValueIterator 2031
java.util.concurrent.ConcurrentHashMap$Values 2032
java.util.concurrent.ConcurrentHashMap$WriteThroughEntry 2033
java.util.concurrent.ConcurrentLinkedQueue 2034
java.util.concurrent.ConcurrentLinkedQueue$Itr 2035
java.util.concurrent.ConcurrentLinkedQueue$Node 2036
java.util.concurrent.ConcurrentMap 2037
java.util.concurrent.ConcurrentNavigableMap 2038
java.util.concurrent.ConcurrentSkipListMap 2039
java.util.concurrent.ConcurrentSkipListMap$ComparableUsingComparator 2040
java.util.concurrent.ConcurrentSkipListMap$EntryIterator 2041
java.util.concurrent.ConcurrentSkipListMap$EntrySet 2042
java.util.concurrent.ConcurrentSkipListMap$HeadIndex 2043
java.util.concurrent.ConcurrentSkipListMap$Index 2044
java.util.concurrent.ConcurrentSkipListMap$Iter 2045
java.util.concurrent.ConcurrentSkipListMap$KeyIterator 2046
java.util.concurrent.ConcurrentSkipListMap$KeySet 2047
java.util.concurrent.ConcurrentSkipListMap$Node 2048
java.util.concurrent.ConcurrentSkipListMap$SubMap 2049
java.util.concurrent.ConcurrentSkipListMap$SubMap$SubMapEntryIterator 2050
java.util.concurrent.ConcurrentSkipListMap$SubMap$SubMapIter 2051
java.util.concurrent.ConcurrentSkipListMap$SubMap$SubMapKeyIterator 2052
java.util.concurrent.ConcurrentSkipListMap$SubMap$SubMapValueIterator 2053
java.util.concurrent.ConcurrentSkipListMap$ValueIterator 2054
java.util.concurrent.ConcurrentSkipListMap$Values 2055
java.util.concurrent.ConcurrentSkipListSet 2056
java.util.concurrent.CopyOnWriteArrayList 2057
java.util.concurrent.CopyOnWriteArrayList$1 2058
java.util.concurrent.CopyOnWriteArrayList$COWIterator 2059
java.util.concurrent.CopyOnWriteArrayList$COWSubList 2060
java.util.concurrent.CopyOnWriteArrayList$COWSubListIterator 2061
java.util.concurrent.CopyOnWriteArraySet 2062
java.util.concurrent.CountDownLatch 2063
java.util.concurrent.CountDownLatch$Sync 2064
java.util.concurrent.CyclicBarrier 2065
java.util.concurrent.CyclicBarrier$1 2066
java.util.concurrent.CyclicBarrier$Generation 2067
java.util.concurrent.DelayQueue 2068
java.util.concurrent.DelayQueue$Itr 2069
java.util.concurrent.Delayed 2070
java.util.concurrent.Exchanger 2071
java.util.concurrent.Exchanger$1 2072
java.util.concurrent.Exchanger$Node 2073
java.util.concurrent.Exchanger$Slot 2074
java.util.concurrent.ExecutionException 2075
java.util.concurrent.Executor 2076
java.util.concurrent.ExecutorCompletionService 2077
java.util.concurrent.ExecutorCompletionService$QueueingFuture 2078
java.util.concurrent.ExecutorService 2079
java.util.concurrent.Executors 2080
java.util.concurrent.Executors$1 2081
java.util.concurrent.Executors$2 2082
java.util.concurrent.Executors$DefaultThreadFactory 2083
java.util.concurrent.Executors$DelegatedExecutorService 2084
java.util.concurrent.Executors$DelegatedScheduledExecutorService 2085
java.util.concurrent.Executors$FinalizableDelegatedExecutorService 2086
java.util.concurrent.Executors$PrivilegedCallable 2087
java.util.concurrent.Executors$PrivilegedCallable$1 2088
java.util.concurrent.Executors$PrivilegedCallableUsingCurrentClassLoader 2089
java.util.concurrent.Executors$PrivilegedCallableUsingCurrentClassLoader$1 2090
java.util.concurrent.Executors$PrivilegedThreadFactory 2091
java.util.concurrent.Executors$PrivilegedThreadFactory$1 2092
java.util.concurrent.Executors$PrivilegedThreadFactory$1$1 2093
java.util.concurrent.Executors$RunnableAdapter 2094
java.util.concurrent.Future 2095
java.util.concurrent.FutureTask 2096
java.util.concurrent.FutureTask$Sync 2097
java.util.concurrent.LinkedBlockingDeque 2098
java.util.concurrent.LinkedBlockingDeque$1 2099
java.util.concurrent.LinkedBlockingDeque$AbstractItr 2100
java.util.concurrent.LinkedBlockingDeque$DescendingItr 2101
java.util.concurrent.LinkedBlockingDeque$Itr 2102
java.util.concurrent.LinkedBlockingDeque$Node 2103
java.util.concurrent.LinkedBlockingQueue 2104
java.util.concurrent.LinkedBlockingQueue$Itr 2105
java.util.concurrent.LinkedBlockingQueue$Node 2106
java.util.concurrent.PriorityBlockingQueue 2107
java.util.concurrent.PriorityBlockingQueue$Itr 2108
java.util.concurrent.RejectedExecutionException 2109
java.util.concurrent.RejectedExecutionHandler 2110
java.util.concurrent.RunnableFuture 2111
java.util.concurrent.RunnableScheduledFuture 2112
java.util.concurrent.ScheduledExecutorService 2113
java.util.concurrent.ScheduledFuture 2114
java.util.concurrent.ScheduledThreadPoolExecutor 2115
java.util.concurrent.ScheduledThreadPoolExecutor$1 2116
java.util.concurrent.ScheduledThreadPoolExecutor$DelayedWorkQueue 2117
java.util.concurrent.ScheduledThreadPoolExecutor$DelayedWorkQueue$1 2118
java.util.concurrent.ScheduledThreadPoolExecutor$ScheduledFutureTask 2119
java.util.concurrent.Semaphore 2120
java.util.concurrent.Semaphore$FairSync 2121
java.util.concurrent.Semaphore$NonfairSync 2122
java.util.concurrent.Semaphore$Sync 2123
java.util.concurrent.SynchronousQueue 2124
java.util.concurrent.SynchronousQueue$EmptyIterator 2125
java.util.concurrent.SynchronousQueue$FifoWaitQueue 2126
java.util.concurrent.SynchronousQueue$LifoWaitQueue 2127
java.util.concurrent.SynchronousQueue$TransferQueue 2128
java.util.concurrent.SynchronousQueue$TransferQueue$QNode 2129
java.util.concurrent.SynchronousQueue$TransferStack 2130
java.util.concurrent.SynchronousQueue$TransferStack$SNode 2131
java.util.concurrent.SynchronousQueue$Transferer 2132
java.util.concurrent.SynchronousQueue$WaitQueue 2133
java.util.concurrent.ThreadFactory 2134
java.util.concurrent.ThreadPoolExecutor 2135
java.util.concurrent.ThreadPoolExecutor$AbortPolicy 2136
java.util.concurrent.ThreadPoolExecutor$CallerRunsPolicy 2137
java.util.concurrent.ThreadPoolExecutor$DiscardOldestPolicy 2138
java.util.concurrent.ThreadPoolExecutor$DiscardPolicy 2139
java.util.concurrent.ThreadPoolExecutor$Worker 2140
java.util.concurrent.TimeUnit 2141
java.util.concurrent.TimeUnit$1 2142
java.util.concurrent.TimeUnit$2 2143
java.util.concurrent.TimeUnit$3 2144
java.util.concurrent.TimeUnit$4 2145
java.util.concurrent.TimeUnit$5 2146
java.util.concurrent.TimeUnit$6 2147
java.util.concurrent.TimeUnit$7 2148
java.util.concurrent.TimeoutException 2149
java.util.concurrent.atomic.AtomicBoolean 2150
java.util.concurrent.atomic.AtomicInteger 2151
java.util.concurrent.atomic.AtomicIntegerArray 2152
java.util.concurrent.atomic.AtomicIntegerFieldUpdater 2153
java.util.concurrent.atomic.AtomicIntegerFieldUpdater$AtomicIntegerFieldUpdaterImpl 2154
java.util.concurrent.atomic.AtomicLong 2155
java.util.concurrent.atomic.AtomicLongArray 2156
java.util.concurrent.atomic.AtomicLongFieldUpdater 2157
java.util.concurrent.atomic.AtomicLongFieldUpdater$CASUpdater 2158
java.util.concurrent.atomic.AtomicLongFieldUpdater$LockedUpdater 2159
java.util.concurrent.atomic.AtomicMarkableReference 2160
java.util.concurrent.atomic.AtomicMarkableReference$ReferenceBooleanPair 2161
java.util.concurrent.atomic.AtomicReference 2162
java.util.concurrent.atomic.AtomicReferenceArray 2163
java.util.concurrent.atomic.AtomicReferenceFieldUpdater 2164
java.util.concurrent.atomic.AtomicReferenceFieldUpdater$AtomicReferenceFieldUpdaterImpl 2165
java.util.concurrent.atomic.AtomicStampedReference 2166
java.util.concurrent.atomic.AtomicStampedReference$ReferenceIntegerPair 2167
java.util.concurrent.locks.AbstractOwnableSynchronizer 2168
java.util.concurrent.locks.AbstractQueuedLongSynchronizer 2169
java.util.concurrent.locks.AbstractQueuedLongSynchronizer$ConditionObject 2170
java.util.concurrent.locks.AbstractQueuedLongSynchronizer$Node 2171
java.util.concurrent.locks.AbstractQueuedSynchronizer 2172
java.util.concurrent.locks.AbstractQueuedSynchronizer$ConditionObject 2173
java.util.concurrent.locks.AbstractQueuedSynchronizer$Node 2174
java.util.concurrent.locks.Condition 2175
java.util.concurrent.locks.Lock 2176
java.util.concurrent.locks.LockSupport 2177
java.util.concurrent.locks.ReadWriteLock 2178
java.util.concurrent.locks.ReentrantLock 2179
java.util.concurrent.locks.ReentrantLock$FairSync 2180
java.util.concurrent.locks.ReentrantLock$NonfairSync 2181
java.util.concurrent.locks.ReentrantLock$Sync 2182
java.util.concurrent.locks.ReentrantReadWriteLock 2183
java.util.concurrent.locks.ReentrantReadWriteLock$FairSync 2184
java.util.concurrent.locks.ReentrantReadWriteLock$NonfairSync 2185
java.util.concurrent.locks.ReentrantReadWriteLock$ReadLock 2186
java.util.concurrent.locks.ReentrantReadWriteLock$Sync 2187
java.util.concurrent.locks.ReentrantReadWriteLock$Sync$HoldCounter 2188
java.util.concurrent.locks.ReentrantReadWriteLock$Sync$ThreadLocalHoldCounter 2189
java.util.concurrent.locks.ReentrantReadWriteLock$WriteLock 2190
java.util.jar.Attributes 2191
java.util.jar.Attributes$Name 2192
java.util.jar.JarEntry 2193
java.util.jar.JarException 2194
java.util.jar.JarFile 2195
java.util.jar.JarFile$1 2196
java.util.jar.JarFile$JarFileEntry 2197
java.util.jar.JarInputStream 2198
java.util.jar.JarOutputStream 2199
java.util.jar.JarVerifier 2200
java.util.jar.JarVerifier$VerifierStream 2201
java.util.jar.JavaUtilJarAccessImpl 2202
java.util.jar.Manifest 2203
java.util.jar.Manifest$FastInputStream 2204
java.util.jar.Pack200 2205
java.util.jar.Pack200$Packer 2206
java.util.jar.Pack200$Unpacker 2207
java.util.logging.ConsoleHandler 2208
java.util.logging.ErrorManager 2209
java.util.logging.FileHandler 2210
java.util.logging.FileHandler$1 2211
java.util.logging.FileHandler$InitializationErrorManager 2212
java.util.logging.FileHandler$MeteredStream 2213
java.util.logging.Filter 2214
java.util.logging.Formatter 2215
java.util.logging.Handler 2216
java.util.logging.Level 2217
java.util.logging.LogManager 2218
java.util.logging.LogManager$1 2219
java.util.logging.LogManager$2 2220
java.util.logging.LogManager$3 2221
java.util.logging.LogManager$4 2222
java.util.logging.LogManager$5 2223
java.util.logging.LogManager$Cleaner 2224
java.util.logging.LogManager$LogNode 2225
java.util.logging.LogManager$RootLogger 2226
java.util.logging.LogRecord 2227
java.util.logging.Logger 2228
java.util.logging.Logging 2229
java.util.logging.LoggingMXBean 2230
java.util.logging.LoggingPermission 2231
java.util.logging.MemoryHandler 2232
java.util.logging.SimpleFormatter 2233
java.util.logging.SocketHandler 2234
java.util.logging.StreamHandler 2235
java.util.logging.XMLFormatter 2236
java.util.prefs.AbstractPreferences 2237
java.util.prefs.AbstractPreferences$1 2238
java.util.prefs.AbstractPreferences$EventDispatchThread 2239
java.util.prefs.AbstractPreferences$NodeAddedEvent 2240
java.util.prefs.AbstractPreferences$NodeRemovedEvent 2241
java.util.prefs.BackingStoreException 2242
java.util.prefs.Base64 2243
java.util.prefs.InvalidPreferencesFormatException 2244
java.util.prefs.NodeChangeEvent 2245
java.util.prefs.NodeChangeListener 2246
java.util.prefs.PreferenceChangeEvent 2247
java.util.prefs.PreferenceChangeListener 2248
java.util.prefs.Preferences 2249
java.util.prefs.Preferences$1 2250
java.util.prefs.Preferences$2 2251
java.util.prefs.PreferencesFactory 2252
java.util.prefs.XmlSupport 2253
java.util.prefs.XmlSupport$1 2254
java.util.prefs.XmlSupport$EH 2255
java.util.prefs.XmlSupport$Resolver 2256
java.util.regex.ASCII 2257
java.util.regex.MatchResult 2258
java.util.regex.Matcher 2259
java.util.regex.Pattern 2260
java.util.regex.Pattern$1 2261
java.util.regex.Pattern$2 2262
java.util.regex.Pattern$3 2263
java.util.regex.Pattern$4 2264
java.util.regex.Pattern$5 2265
java.util.regex.Pattern$6 2266
java.util.regex.Pattern$7 2267
java.util.regex.Pattern$8 2268
java.util.regex.Pattern$All 2269
java.util.regex.Pattern$BackRef 2270
java.util.regex.Pattern$Begin 2271
java.util.regex.Pattern$Behind 2272
java.util.regex.Pattern$BehindS 2273
java.util.regex.Pattern$BitClass 2274
java.util.regex.Pattern$BmpCharProperty 2275
java.util.regex.Pattern$BnM 2276
java.util.regex.Pattern$BnMS 2277
java.util.regex.Pattern$Bound 2278
java.util.regex.Pattern$Branch 2279
java.util.regex.Pattern$BranchConn 2280
java.util.regex.Pattern$CIBackRef 2281
java.util.regex.Pattern$Caret 2282
java.util.regex.Pattern$Category 2283
java.util.regex.Pattern$CharProperty 2284
java.util.regex.Pattern$CharProperty$1 2285
java.util.regex.Pattern$CharPropertyNames 2286
java.util.regex.Pattern$CharPropertyNames$1 2287
java.util.regex.Pattern$CharPropertyNames$10 2288
java.util.regex.Pattern$CharPropertyNames$11 2289
java.util.regex.Pattern$CharPropertyNames$12 2290
java.util.regex.Pattern$CharPropertyNames$13 2291
java.util.regex.Pattern$CharPropertyNames$14 2292
java.util.regex.Pattern$CharPropertyNames$15 2293
java.util.regex.Pattern$CharPropertyNames$16 2294
java.util.regex.Pattern$CharPropertyNames$17 2295
java.util.regex.Pattern$CharPropertyNames$18 2296
java.util.regex.Pattern$CharPropertyNames$19 2297
java.util.regex.Pattern$CharPropertyNames$2 2298
java.util.regex.Pattern$CharPropertyNames$20 2299
java.util.regex.Pattern$CharPropertyNames$21 2300
java.util.regex.Pattern$CharPropertyNames$3 2301
java.util.regex.Pattern$CharPropertyNames$4 2302
java.util.regex.Pattern$CharPropertyNames$5 2303
java.util.regex.Pattern$CharPropertyNames$6 2304
java.util.regex.Pattern$CharPropertyNames$7 2305
java.util.regex.Pattern$CharPropertyNames$8 2306
java.util.regex.Pattern$CharPropertyNames$9 2307
java.util.regex.Pattern$CharPropertyNames$CharPropertyFactory 2308
java.util.regex.Pattern$CharPropertyNames$CloneableProperty 2309
java.util.regex.Pattern$Conditional 2310
java.util.regex.Pattern$Ctype 2311
java.util.regex.Pattern$Curly 2312
java.util.regex.Pattern$Dollar 2313
java.util.regex.Pattern$Dot 2314
java.util.regex.Pattern$End 2315
java.util.regex.Pattern$First 2316
java.util.regex.Pattern$GroupCurly 2317
java.util.regex.Pattern$GroupHead 2318
java.util.regex.Pattern$GroupRef 2319
java.util.regex.Pattern$GroupTail 2320
java.util.regex.Pattern$LastMatch 2321
java.util.regex.Pattern$LastNode 2322
java.util.regex.Pattern$LazyLoop 2323
java.util.regex.Pattern$Loop 2324
java.util.regex.Pattern$Neg 2325
java.util.regex.Pattern$Node 2326
java.util.regex.Pattern$NotBehind 2327
java.util.regex.Pattern$NotBehindS 2328
java.util.regex.Pattern$Pos 2329
java.util.regex.Pattern$Prolog 2330
java.util.regex.Pattern$Ques 2331
java.util.regex.Pattern$Single 2332
java.util.regex.Pattern$SingleI 2333
java.util.regex.Pattern$SingleS 2334
java.util.regex.Pattern$SingleU 2335
java.util.regex.Pattern$Slice 2336
java.util.regex.Pattern$SliceI 2337
java.util.regex.Pattern$SliceIS 2338
java.util.regex.Pattern$SliceNode 2339
java.util.regex.Pattern$SliceS 2340
java.util.regex.Pattern$SliceU 2341
java.util.regex.Pattern$SliceUS 2342
java.util.regex.Pattern$Start 2343
java.util.regex.Pattern$StartS 2344
java.util.regex.Pattern$TreeInfo 2345
java.util.regex.Pattern$UnixCaret 2346
java.util.regex.Pattern$UnixDollar 2347
java.util.regex.Pattern$UnixDot 2348
java.util.regex.PatternSyntaxException 2349
java.util.spi.CurrencyNameProvider 2350
java.util.spi.LocaleNameProvider 2351
java.util.spi.LocaleServiceProvider 2352
java.util.spi.TimeZoneNameProvider 2353
java.util.zip.Adler32 2354
java.util.zip.CRC32 2355
java.util.zip.CheckedInputStream 2356
java.util.zip.CheckedOutputStream 2357
java.util.zip.Checksum 2358
java.util.zip.DataFormatException 2359
java.util.zip.Deflater 2360
java.util.zip.DeflaterInputStream 2361
java.util.zip.DeflaterOutputStream 2362
java.util.zip.GZIPInputStream 2363
java.util.zip.GZIPOutputStream 2364
java.util.zip.Inflater 2365
java.util.zip.InflaterInputStream 2366
java.util.zip.InflaterOutputStream 2367
java.util.zip.ZipConstants 2368
java.util.zip.ZipEntry 2369
java.util.zip.ZipError 2370
java.util.zip.ZipException 2371
java.util.zip.ZipFile 2372
java.util.zip.ZipFile$1 2373
java.util.zip.ZipFile$2 2374
java.util.zip.ZipFile$ZipFileInputStream 2375
java.util.zip.ZipInputStream 2376
java.util.zip.ZipOutputStream 2377
java.util.zip.ZipOutputStream$XEntry 2378
