# Source: JUnit 4.8.1, namespace org.junit (181 classes)
# Author: Lovro Subelj
#
org.junit.After 0
org.junit.AfterClass 1
org.junit.Assert 2
org.junit.Assume 3
org.junit.Before 4
org.junit.BeforeClass 5
org.junit.ComparisonFailure 6
org.junit.ComparisonFailure$ComparisonCompactor 7
org.junit.Ignore 8
org.junit.Rule 9
org.junit.Test 10
org.junit.Test$None 11
org.junit.experimental.ParallelComputer 12
org.junit.experimental.ParallelComputer$1 13
org.junit.experimental.ParallelComputer$1$1 14
org.junit.experimental.categories.Categories 15
org.junit.experimental.categories.Categories$CategoryFilter 16
org.junit.experimental.categories.Categories$ExcludeCategory 17
org.junit.experimental.categories.Categories$IncludeCategory 18
org.junit.experimental.categories.Category 19
org.junit.experimental.max.CouldNotReadCoreException 20
org.junit.experimental.max.MaxCore 21
org.junit.experimental.max.MaxCore$1 22
org.junit.experimental.max.MaxCore$1$1 23
org.junit.experimental.max.MaxHistory 24
org.junit.experimental.max.MaxHistory$1 25
org.junit.experimental.max.MaxHistory$RememberingListener 26
org.junit.experimental.max.MaxHistory$TestComparator 27
org.junit.experimental.results.FailureList 28
org.junit.experimental.results.PrintableResult 29
org.junit.experimental.results.ResultMatchers 30
org.junit.experimental.results.ResultMatchers$1 31
org.junit.experimental.results.ResultMatchers$2 32
org.junit.experimental.results.ResultMatchers$3 33
org.junit.experimental.runners.Enclosed 34
org.junit.experimental.theories.DataPoint 35
org.junit.experimental.theories.DataPoints 36
org.junit.experimental.theories.ParameterSignature 37
org.junit.experimental.theories.ParameterSupplier 38
org.junit.experimental.theories.ParametersSuppliedBy 39
org.junit.experimental.theories.PotentialAssignment 40
org.junit.experimental.theories.PotentialAssignment$1 41
org.junit.experimental.theories.PotentialAssignment$CouldNotGenerateValueException 42
org.junit.experimental.theories.Theories 43
org.junit.experimental.theories.Theories$TheoryAnchor 44
org.junit.experimental.theories.Theories$TheoryAnchor$1 45
org.junit.experimental.theories.Theories$TheoryAnchor$1$1 46
org.junit.experimental.theories.Theories$TheoryAnchor$2 47
org.junit.experimental.theories.Theory 48
org.junit.experimental.theories.internal.AllMembersSupplier 49
org.junit.experimental.theories.internal.AllMembersSupplier$1 50
org.junit.experimental.theories.internal.AllMembersSupplier$MethodParameterValue 51
org.junit.experimental.theories.internal.Assignments 52
org.junit.experimental.theories.internal.ParameterizedAssertionError 53
org.junit.experimental.theories.suppliers.TestedOn 54
org.junit.experimental.theories.suppliers.TestedOnSupplier 55
org.junit.internal.ArrayComparisonFailure 56
org.junit.internal.AssumptionViolatedException 57
org.junit.internal.ComparisonCriteria 58
org.junit.internal.ExactComparisonCriteria 59
org.junit.internal.InexactComparisonCriteria 60
org.junit.internal.JUnitSystem 61
org.junit.internal.RealSystem 62
org.junit.internal.TextListener 63
org.junit.internal.builders.AllDefaultPossibilitiesBuilder 64
org.junit.internal.builders.AnnotatedBuilder 65
org.junit.internal.builders.IgnoredBuilder 66
org.junit.internal.builders.IgnoredClassRunner 67
org.junit.internal.builders.JUnit3Builder 68
org.junit.internal.builders.JUnit4Builder 69
org.junit.internal.builders.NullBuilder 70
org.junit.internal.builders.SuiteMethodBuilder 71
org.junit.internal.matchers.CombinableMatcher 72
org.junit.internal.matchers.Each 73
org.junit.internal.matchers.Each$1 74
org.junit.internal.matchers.IsCollectionContaining 75
org.junit.internal.matchers.StringContains 76
org.junit.internal.matchers.SubstringMatcher 77
org.junit.internal.matchers.TypeSafeMatcher 78
org.junit.internal.requests.ClassRequest 79
org.junit.internal.requests.FilterRequest 80
org.junit.internal.requests.SortingRequest 81
org.junit.internal.runners.ClassRoadie 82
org.junit.internal.runners.ErrorReportingRunner 83
org.junit.internal.runners.FailedBefore 84
org.junit.internal.runners.InitializationError 85
org.junit.internal.runners.JUnit38ClassRunner 86
org.junit.internal.runners.JUnit38ClassRunner$1 87
org.junit.internal.runners.JUnit38ClassRunner$OldTestClassAdaptingListener 88
org.junit.internal.runners.JUnit4ClassRunner 89
org.junit.internal.runners.JUnit4ClassRunner$1 90
org.junit.internal.runners.JUnit4ClassRunner$2 91
org.junit.internal.runners.MethodRoadie 92
org.junit.internal.runners.MethodRoadie$1 93
org.junit.internal.runners.MethodRoadie$1$1 94
org.junit.internal.runners.MethodRoadie$2 95
org.junit.internal.runners.MethodValidator 96
org.junit.internal.runners.SuiteMethod 97
org.junit.internal.runners.TestClass 98
org.junit.internal.runners.TestMethod 99
org.junit.internal.runners.model.EachTestNotifier 100
org.junit.internal.runners.model.MultipleFailureException 101
org.junit.internal.runners.model.ReflectiveCallable 102
org.junit.internal.runners.statements.ExpectException 103
org.junit.internal.runners.statements.Fail 104
org.junit.internal.runners.statements.FailOnTimeout 105
org.junit.internal.runners.statements.FailOnTimeout$1 106
org.junit.internal.runners.statements.InvokeMethod 107
org.junit.internal.runners.statements.RunAfters 108
org.junit.internal.runners.statements.RunBefores 109
org.junit.matchers.JUnitMatchers 110
org.junit.rules.ErrorCollector 111
org.junit.rules.ErrorCollector$1 112
org.junit.rules.ExpectedException 113
org.junit.rules.ExpectedException$1 114
org.junit.rules.ExpectedException$ExpectedExceptionStatement 115
org.junit.rules.ExternalResource 116
org.junit.rules.ExternalResource$1 117
org.junit.rules.MethodRule 118
org.junit.rules.TemporaryFolder 119
org.junit.rules.TestName 120
org.junit.rules.TestWatchman 121
org.junit.rules.TestWatchman$1 122
org.junit.rules.Timeout 123
org.junit.rules.Verifier 124
org.junit.rules.Verifier$1 125
org.junit.runner.Computer 126
org.junit.runner.Computer$1 127
org.junit.runner.Describable 128
org.junit.runner.Description 129
org.junit.runner.JUnitCore 130
org.junit.runner.Request 131
org.junit.runner.Request$1 132
org.junit.runner.Result 133
org.junit.runner.Result$1 134
org.junit.runner.Result$Listener 135
org.junit.runner.RunWith 136
org.junit.runner.Runner 137
org.junit.runner.manipulation.Filter 138
org.junit.runner.manipulation.Filter$1 139
org.junit.runner.manipulation.Filter$2 140
org.junit.runner.manipulation.Filterable 141
org.junit.runner.manipulation.NoTestsRemainException 142
org.junit.runner.manipulation.Sortable 143
org.junit.runner.manipulation.Sorter 144
org.junit.runner.manipulation.Sorter$1 145
org.junit.runner.notification.Failure 146
org.junit.runner.notification.RunListener 147
org.junit.runner.notification.RunNotifier 148
org.junit.runner.notification.RunNotifier$1 149
org.junit.runner.notification.RunNotifier$2 150
org.junit.runner.notification.RunNotifier$3 151
org.junit.runner.notification.RunNotifier$4 152
org.junit.runner.notification.RunNotifier$5 153
org.junit.runner.notification.RunNotifier$6 154
org.junit.runner.notification.RunNotifier$7 155
org.junit.runner.notification.RunNotifier$SafeNotifier 156
org.junit.runner.notification.StoppedByUserException 157
org.junit.runners.AllTests 158
org.junit.runners.BlockJUnit4ClassRunner 159
org.junit.runners.BlockJUnit4ClassRunner$1 160
org.junit.runners.JUnit4 161
org.junit.runners.Parameterized 162
org.junit.runners.Parameterized$Parameters 163
org.junit.runners.Parameterized$TestClassRunnerForParameters 164
org.junit.runners.ParentRunner 165
org.junit.runners.ParentRunner$1 166
org.junit.runners.ParentRunner$2 167
org.junit.runners.ParentRunner$3 168
org.junit.runners.ParentRunner$4 169
org.junit.runners.Suite 170
org.junit.runners.Suite$SuiteClasses 171
org.junit.runners.model.FrameworkField 172
org.junit.runners.model.FrameworkMember 173
org.junit.runners.model.FrameworkMethod 174
org.junit.runners.model.FrameworkMethod$1 175
org.junit.runners.model.InitializationError 176
org.junit.runners.model.RunnerBuilder 177
org.junit.runners.model.RunnerScheduler 178
org.junit.runners.model.Statement 179
org.junit.runners.model.TestClass 180
